[2026-05-09 02:03:35.7356375] Console created
[2026-05-09 02:03:35.7497876] UE4SS - v3.0.1 Beta #0 - Git SHA #e31aaaa6
[2026-05-09 02:03:35.7499706] Timezone: America/New_York
[2026-05-09 02:03:35.7500900] UE4SS Build Configuration: Game__Shipping__Win64 (MSVC)
[2026-05-09 02:03:35.7528517] Setting up mods...
[2026-05-09 02:03:35.7555768] Loading mods from: G:\Steam\steamapps\common\Windrose\R5\Binaries\Win64\ue4ss\Mods
[2026-05-09 02:03:35.7961086] Starting mods (from mods.txt (G:\Steam\steamapps\common\Windrose\R5\Binaries\Win64\ue4ss\Mods\mods.txt) load order)...
[2026-05-09 02:03:35.7969561] Starting mods (from enabled.txt (G:\Steam\steamapps\common\Windrose\R5\Binaries\Win64\ue4ss\Mods), no defined load order)...
[2026-05-09 02:03:35.7979170] Mod 'WindroseSchema' has enabled.txt, starting mod.
[2026-05-09 02:03:35.7989527] [WindroseSchema] Config loaded.
[2026-05-09 02:03:35.7996229] [WindroseSchema] [debug] Initializing SignatureManager...
[2026-05-09 02:03:35.9676307] [WindroseSchema] Found FPakPlatformFile::GetPakFolders: 0x7ff7ec321e40
[2026-05-09 02:03:36.0104422] [WindroseSchema] Found GetObjectsOfClass: 0x7ff7eb45cec0
[2026-05-09 02:03:36.5866098] [WindroseSchema] Found AsyncTask: 0x7ff7eb009ff0
[2026-05-09 02:03:36.6108579] [WindroseSchema] Found FMemory::Free: 0x7ff7eb092950
[2026-05-09 02:03:36.6640252] [WindroseSchema] Found FName::Constructor: 0x7ff7eb1dff90
[2026-05-09 02:03:36.7045287] [WindroseSchema] Found FFieldClass::GetNameToFieldClassMap: 0x7ff7eb31c190
[2026-05-09 02:03:36.7082332] [WindroseSchema] Found FName::ToString_Wchar: 0x7ff7eb1efe50
[2026-05-09 02:03:36.7240333] [WindroseSchema] Found FField::IsA: 0x7ff7eb395000
[2026-05-09 02:03:36.7473302] [WindroseSchema] Found UObjectGlobals::StaticFindObject: 0x7ff7eb4527c0
[2026-05-09 02:03:36.8244667] [WindroseSchema] Found UBlueprintGeneratedClass::PostLoadDefaultObject: 0x7ff7ed9c92f0
[2026-05-09 02:03:36.8762175] [WindroseSchema] Found UDataTable::Serialize: 0x7ff7edbdb2e0
[2026-05-09 02:03:37.0015499] [WindroseSchema] [debug] Initializing UnrealOffsets...
[2026-05-09 02:03:37.0017967] [WindroseSchema] [debug] Unreal Version set to 5.6.
[2026-05-09 02:03:37.0020266] [WindroseSchema] [debug] FName::Constructor was assigned address of 0x7ff7eb1dff90
[2026-05-09 02:03:37.0021334] [WindroseSchema] [debug] FName::ToString was assigned address of 0x7ff7eb1efe50
[2026-05-09 02:03:37.0027945] [WindroseSchema] [debug] Versioned Container initialized.
[2026-05-09 02:03:37.0029052] [WindroseSchema] [debug] Preparing to pre-initialize WindroseSchema...
[2026-05-09 02:03:37.0056292] [WindroseSchema] [debug] Core pre-initialized.
[2026-05-09 02:03:37.0079182] [WindroseSchema] WindroseSchema v0.1.0 by Okaetsu loaded.
[2026-05-09 02:03:37.0081924] No specific game configuration found, using default configuration file
[2026-05-09 02:03:37.0083028] Config: G:\Steam\steamapps\common\Windrose\R5\Binaries\Win64\ue4ss\UE4SS-settings.ini

[2026-05-09 02:03:37.0084114] root directory: G:\Steam\steamapps\common\Windrose\R5\Binaries\Win64\ue4ss
[2026-05-09 02:03:37.0085454] working directory: G:\Steam\steamapps\common\Windrose\R5\Binaries\Win64\ue4ss
[2026-05-09 02:03:37.0086546] game executable directory: G:\Steam\steamapps\common\Windrose\R5\Binaries\Win64
[2026-05-09 02:03:37.0089846] game executable: G:\Steam\steamapps\common\Windrose\R5\Binaries\Win64\Windrose-Win64-Shipping.exe (291179584 bytes)


[2026-05-09 02:03:37.0092311] mods directories: 
[2026-05-09 02:03:37.0094021] [0] G:\Steam\steamapps\common\Windrose\R5\Binaries\Win64\ue4ss\Mods
[2026-05-09 02:03:37.0095479] 
[2026-05-09 02:03:37.0096729] log directory: G:\Steam\steamapps\common\Windrose\R5\Binaries\Win64\ue4ss
[2026-05-09 02:03:37.0097894] object dumper directory: G:\Steam\steamapps\common\Windrose\R5\Binaries\Win64\ue4ss


[2026-05-09 02:03:37.0106287] DebugGame Setting Enabled? false
[2026-05-09 02:03:37.0146178] PS Scan attempt 1 (Phase 2)
[2026-05-09 02:03:37.0150930] [PS] Reading image
[2026-05-09 02:03:37.0154104] [PS] Starting scan
[2026-05-09 02:03:37.1296040] [WindroseSchema] [debug] Calling original FPakPlatformFile::GetPakFolders...
[2026-05-09 02:03:37.1692743] [WindroseSchema] [debug] Initializing GMalloc...
[2026-05-09 02:03:37.1769834] [WindroseSchema] [debug] Found GMalloc: 0x7ff7fa641d78
[2026-05-09 02:03:37.1779861] [WindroseSchema] [debug] Preparing to add extra .pak read directory...
[2026-05-09 02:03:37.1783794] [WindroseSchema] [debug] Setting extra .pak read directory to G:\Steam\steamapps\common\Windrose\R5\Binaries\Win64\ue4ss\Mods\WindroseSchema\mods/
[2026-05-09 02:03:37.1787853] [WindroseSchema] [debug] Added extra .pak read directory at G:\Steam\steamapps\common\Windrose\R5\Binaries\Win64\ue4ss\Mods\WindroseSchema\mods/
[2026-05-09 02:03:37.1875906] [WindroseSchema] [debug] Calling original FPakPlatformFile::GetPakFolders...
[2026-05-09 02:03:37.1879477] [WindroseSchema] [debug] Preparing to add extra .pak read directory...
[2026-05-09 02:03:37.1881745] [WindroseSchema] [debug] Setting extra .pak read directory to G:\Steam\steamapps\common\Windrose\R5\Binaries\Win64\ue4ss\Mods\WindroseSchema\mods/
[2026-05-09 02:03:37.1886271] [WindroseSchema] [debug] Added extra .pak read directory at G:\Steam\steamapps\common\Windrose\R5\Binaries\Win64\ue4ss\Mods\WindroseSchema\mods/
[2026-05-09 02:03:37.6147686] [PS] Scan finished in 599.213ms
[2026-05-09 02:03:37.6154195] [PS] Found GUObjectArray: 0x7ff7fa732140
[2026-05-09 02:03:37.6174228] [PS] Found GMalloc: 0x7ff7fa641d78
[2026-05-09 02:03:37.6177820] [PS] Found FName::ToString: 0x7ff7eb1efce0
[2026-05-09 02:03:37.6181142] [PS] Found FName::FName(wchar_t*): 0x7ff7eb1dff90
[2026-05-09 02:03:37.6184377] [PS] Found StaticConstructObject_Internal: 0x7ff7eb450ae0
[2026-05-09 02:03:37.6187829] [PS] Found FUObjectHashTables::Get(): 0x7ff7eb45c3f0
[2026-05-09 02:03:37.6190991] [PS] Found GNatives: 0x7ff7fa7312b0
[2026-05-09 02:03:37.6194685] [PS] Found ConsoleManagerSingleton: 0x7ff7eb053760
[2026-05-09 02:03:37.6203539] [PS] Found GameEngineTick: 0x7ff7edc86960
[2026-05-09 02:03:37.6206395] PS scan successful
[2026-05-09 02:03:37.6213343] Running second pass of Lua override scans
[2026-05-09 02:03:37.6215254] Lua Scan attempt 1 (Phase 2)
[2026-05-09 02:03:37.6217251] Need to construct: /Script/CoreUObject.Class
[2026-05-09 02:03:37.6218716] Need to construct: /Script/CoreUObject
[2026-05-09 02:03:37.6220201] Need to construct: /Script/CoreUObject.Struct
[2026-05-09 02:03:37.6221720] Need to construct: /Script/Engine.Pawn
[2026-05-09 02:03:37.6223016] Need to construct: /Script/Engine.Character
[2026-05-09 02:03:37.6224700] Need to construct: /Script/Engine.Actor
[2026-05-09 02:03:37.6226491] Need to construct: /Script/CoreUObject.Vector
[2026-05-09 02:03:37.6229463] Need to construct: /Script/Engine.Default__DefaultPawn
[2026-05-09 02:03:37.6231297] Need to construct: /Script/Engine.HitResult
[2026-05-09 02:03:37.6232888] Need to construct: /Script/Engine.Default__MaterialExpression
[2026-05-09 02:03:37.6234892] Need to construct: /Script/Engine.ActorComponent
[2026-05-09 02:03:37.6237383] Need to construct: /Script/CoreUObject.OrientedBox
[2026-05-09 02:03:37.6239133] Need to construct: /Script/Engine.MovementComponent
[2026-05-09 02:03:37.6240185] Need to construct: /Script/Engine.HUD
[2026-05-09 02:03:37.6241598] Need to construct: /Script/Engine.PlayerController
[2026-05-09 02:03:37.6243024] Need to construct: /Script/Engine.PlayerCameraManager
[2026-05-09 02:03:37.6244472] Need to construct: /Script/CoreUObject.EInterpCurveMode
[2026-05-09 02:03:37.6246063] Need to construct: /Script/Engine.ENetRole
[2026-05-09 02:03:37.6247787] Need to construct: /Script/MovieScene.MovieSceneEditorData
[2026-05-09 02:03:37.6249135] Need to construct: /Script/UMG.Widget
[2026-05-09 02:03:37.6250719] Need to construct: /Script/UMG.ComboBoxString
[2026-05-09 02:03:37.6251941] Need to construct: /Script/CoreUObject.Interface
[2026-05-09 02:03:38.1444235] Constructed [1 / 22]: /Script/CoreUObject.Class
[2026-05-09 02:03:38.1462413] Constructed [2 / 22]: /Script/CoreUObject
[2026-05-09 02:03:38.1496269] Constructed [3 / 22]: /Script/CoreUObject.Struct
[2026-05-09 02:03:38.1534554] Constructed [4 / 22]: /Script/Engine.Pawn
[2026-05-09 02:03:38.1563624] Constructed [5 / 22]: /Script/Engine.Character
[2026-05-09 02:03:38.1571546] Constructed [6 / 22]: /Script/Engine.Actor
[2026-05-09 02:03:38.1948923] Constructed [7 / 22]: /Script/Engine.ActorComponent
[2026-05-09 02:03:38.2039512] Constructed [8 / 22]: /Script/Engine.MovementComponent
[2026-05-09 02:03:38.2047573] Constructed [9 / 22]: /Script/Engine.HUD
[2026-05-09 02:03:38.2069413] Constructed [10 / 22]: /Script/Engine.PlayerController
[2026-05-09 02:03:38.2094189] Constructed [11 / 22]: /Script/Engine.PlayerCameraManager
[2026-05-09 02:03:38.2295985] Constructed [12 / 22]: /Script/UMG.Widget
[2026-05-09 02:03:38.2307968] Constructed [13 / 22]: /Script/UMG.ComboBoxString
[2026-05-09 02:03:38.2315980] Constructed [14 / 22]: /Script/CoreUObject.Interface
[2026-05-09 02:03:46.4003504] Constructed [15 / 22]: /Script/CoreUObject.Vector
[2026-05-09 02:03:46.4371545] Constructed [16 / 22]: /Script/Engine.HitResult
[2026-05-09 02:03:46.4697174] Constructed [17 / 22]: /Script/CoreUObject.OrientedBox
[2026-05-09 02:03:46.4793978] Constructed [18 / 22]: /Script/CoreUObject.EInterpCurveMode
[2026-05-09 02:03:46.4906629] Constructed [19 / 22]: /Script/Engine.ENetRole
[2026-05-09 02:03:46.5091145] Constructed [20 / 22]: /Script/MovieScene.MovieSceneEditorData
[2026-05-09 02:03:46.8223404] Constructed [21 / 22]: /Script/Engine.Default__DefaultPawn
[2026-05-09 02:03:46.8854612] Constructed [22 / 22]: /Script/Engine.Default__MaterialExpression
[2026-05-09 02:03:47.3295892] GameEngine::LoadMap address 0x7ff7ee475540
[2026-05-09 02:03:47.3300009] GameEngine::Tick address (vtable: 0x7ff7edc86960; scan: 0x7ff7edc86960)
[2026-05-09 02:03:47.3353772] Using scan address for GameEngine::Tick
[2026-05-09 02:03:47.3383297] [UE4SS.EngineTick.GameThreadInitializer] Added posthook with Id '0X4020000000000001'!
[2026-05-09 02:03:47.3388953] GameModeBase::InitGameState address 0x7ff7edcbb620
[2026-05-09 02:03:47.3391682] AActor::BeginPlay address 0x7ff7ed8165a0
[2026-05-09 02:03:47.3393304] AActor::EndPlay address 0x7ff7ed81e190
[2026-05-09 02:03:47.3394984] AActor::Tick address 0x7ff7ed8355a0
[2026-05-09 02:03:47.3396651] GameViewportClient::Tick address 0x7ff7edcd6e00
[2026-05-09 02:03:47.3398942] ProcessEvent address 0x7ff7eb422a00
[2026-05-09 02:03:47.3400496] ProcessConsoleExec address 0x7ff7eb267a80
[2026-05-09 02:03:47.3401941] UStruct::Link address 0x7ff7eb2e8bb0
[2026-05-09 02:03:47.3403339] Constructed 22 of 22 objects
[2026-05-09 02:03:47.6685076] FText size detected as 0x10 bytes.
[2026-05-09 02:03:47.6786464] ProcessInternal address: 0x7ff7eb422df0
[2026-05-09 02:03:47.6792387] ProcessLocalScriptFunction address: 0x7ff7eb422ef0
[2026-05-09 02:03:47.6816381] UnrealConfig.FExecVTableOffsetInLocalPlayer: 28
[2026-05-09 02:03:47.6850678] Post-initialization: GMalloc: 0x7ff7fa641d78 -> 0x13685b04650
[2026-05-09 02:03:47.6962730] Adding GUObjectArray listeners
[2026-05-09 02:03:47.6989143] Starting callback garbage collector![2026-05-09 02:03:47.7163459] [UE4SS.StaticConstructObject.ObjectSearcherPoolHook] Added posthook with Id '0X9000000000000001'!
[2026-05-09 02:03:47.7187287] Unreal Engine modules (non-modular):
[2026-05-09 02:03:47.7212126] MainExe @ 0x7ff7e9d00000 size=0x11a16000
[2026-05-09 02:03:47.7279689] [WindroseSchema] Auto-reload is enabled.
[2026-05-09 02:03:47.7385281] 
##### MEMBER OFFSETS START #####

[2026-05-09 02:03:47.7459943] UObjectBase::NamePrivate = 0x18
[2026-05-09 02:03:47.7464927] UObjectBase::ObjectFlags = 0x8
[2026-05-09 02:03:47.7468765] UObjectBase::World = 0x78
[2026-05-09 02:03:47.7470266] UObjectBase::ActiveSplitscreenType = 0x70
[2026-05-09 02:03:47.7471592] UObjectBase::ViewportConsole = 0x40
[2026-05-09 02:03:47.7474118] UObjectBase::bUseSoftwareCursorWidgets = 0x270
[2026-05-09 02:03:47.7475444] UObjectBase::ClassPrivate = 0x10
[2026-05-09 02:03:47.7476620] UObjectBase::bNetLoadOnClient = 0x59
[2026-05-09 02:03:47.7477843] UObjectBase::InternalIndex_Private = 0xC
[2026-05-09 02:03:47.7479378] UObjectBase::bAllowTickBeforeBeginPlay = 0x5A
[2026-05-09 02:03:47.7480708] UObjectBase::InputPriority = 0x16C
[2026-05-09 02:03:47.7482334] UObjectBase::bForceNetAddressable = 0x59
[2026-05-09 02:03:47.7483368] UObjectBase::bDisableSplitScreenOverride = 0x3B8
[2026-05-09 02:03:47.7484384] UObjectBase::Window = 0x110
[2026-05-09 02:03:47.7485889] UObjectBase::OuterPrivate = 0x20
[2026-05-09 02:03:47.7487857] UObjectBase::bAlwaysRelevant = 0x58
[2026-05-09 02:03:47.7489237] UObjectBase::HardwareCursorCache = 0x180
[2026-05-09 02:03:47.7490860] UObjectBase::DebugProperties = 0x48
[2026-05-09 02:03:47.7492316] UObjectBase::bReplayRewindable = 0x59
[2026-05-09 02:03:47.7493470] UObjectBase::bHidden = 0x58
[2026-05-09 02:03:47.7494752] UObjectBase::CurrentBufferVisualizationMode = 0x140
[2026-05-09 02:03:47.7496303] UObjectBase::UEP_TotalSize = 0x28
[2026-05-09 02:03:47.7497508] UObjectBase::SplitscreenInfo = 0x58
[2026-05-09 02:03:47.7505140] UObjectBase::ViewportOverlayWidget = 0x120
[2026-05-09 02:03:47.7644622] UObjectBase::OnEndPlay = 0x1FF
[2026-05-09 02:03:47.7649649] UObjectBase::bHasAudioFocus = 0x10C
[2026-05-09 02:03:47.7651866] UObjectBase::MaxSplitscreenPlayers = 0x68
[2026-05-09 02:03:47.7653072] UObjectBase::bIsPlayInEditorViewport = 0x6C
[2026-05-09 02:03:47.7654105] UObjectBase::bDisableWorldRendering = 0x6C
[2026-05-09 02:03:47.7655118] UObjectBase::bTearOff = 0x59
[2026-05-09 02:03:47.7662146] UObjectBase::CurrentLumenVisualizationMode = 0x150
[2026-05-09 02:03:47.7665941] UObjectBase::bSuppressTransitionMessage = 0x88
[2026-05-09 02:03:47.7667369] UObjectBase::bReplicateMovement = 0x58
[2026-05-09 02:03:47.7668659] UObjectBase::ViewModeIndex = 0xB0
[2026-05-09 02:03:47.7669983] UObjectBase::bNetUseOwnerRelevancy = 0x59
[2026-05-09 02:03:47.7671422] UObjectBase::AutoReceiveInput = 0x16B
[2026-05-09 02:03:47.7672785] UObjectBase::EngineShowFlags = 0xB8
[2026-05-09 02:03:47.7681835] UObjectBase::Viewport = 0xF8
[2026-05-09 02:03:47.7683421] UObjectBase::MouseLockMode = 0x3BC
[2026-05-09 02:03:47.7684552] UObjectBase::ViewportFrame = 0x100
[2026-05-09 02:03:47.7685553] UObjectBase::AudioDeviceHandle = 0x108
[2026-05-09 02:03:47.7686549] UObjectBase::CurrentGroomVisualizationMode = 0x160
[2026-05-09 02:03:47.7687523] UObjectBase::GameLayerManagerPtr = 0x130
[2026-05-09 02:03:47.7688546] UObjectBase::CurrentNaniteVisualizationMode = 0x148
[2026-05-09 02:03:47.7689565] UObjectBase::CurrentSubstrateVisualizationMode = 0x158
[2026-05-09 02:03:47.7690600] UObjectBase::CurrentVirtualShadowMapVisualizationMode = 0x168
[2026-05-09 02:03:47.7691656] UObjectBase::HighResScreenshotDialog = 0x170
[2026-05-09 02:03:47.7692717] UObjectBase::HardwareCursors = 0x1D0
[2026-05-09 02:03:47.7697968] UObjectBase::CursorWidgets = 0x220
[2026-05-09 02:03:47.7699785] UObjectBase::StatUnitData = 0x3A8
[2026-05-09 02:03:47.7700901] UObjectBase::OnBeginCursorOver = 0x1F5
[2026-05-09 02:03:47.7701993] UObjectBase::StatHitchesData = 0x3B0
[2026-05-09 02:03:47.7703042] UObjectBase::bIgnoreInput = 0x3B9
[2026-05-09 02:03:47.7708938] UObjectBase::MouseCaptureMode = 0x3BA
[2026-05-09 02:03:47.7710484] UObjectBase::bHideCursorDuringCapture = 0x3BB
[2026-05-09 02:03:47.7711674] UObjectBase::bActorEnableCollision = 0x5D
[2026-05-09 02:03:47.7713370] UObjectBase::bIsMouseOverClient = 0x3BD
[2026-05-09 02:03:47.7714992] UObjectBase::PrimaryActorTick = 0x28
[2026-05-09 02:03:47.7716131] UObjectBase::ActorHasBegunPlay = 0x5D
[2026-05-09 02:03:47.7728533] UObjectBase::bNetTemporary = 0x58
[2026-05-09 02:03:47.7737231] UObjectBase::bActorIsBeingConstructed = 0x5D
[2026-05-09 02:03:47.7751704] UObjectBase::bNetStartup = 0x58
[2026-05-09 02:03:47.7757649] UObjectBase::bOnlyRelevantToOwner = 0x58
[2026-05-09 02:03:47.7762383] UObjectBase::bCallPreReplication = 0x58
[2026-05-09 02:03:47.7767620] UObjectBase::bCallPreReplicationForReplay = 0x58
[2026-05-09 02:03:47.7779575] UObjectBase::bExchangedRoles = 0x59
[2026-05-09 02:03:47.7787700] UObjectBase::bRelevantForNetworkReplays = 0x59
[2026-05-09 02:03:47.7801647] UObjectBase::bRelevantForLevelBounds = 0x59
[2026-05-09 02:03:47.7810657] UObjectBase::bAutoDestroyWhenFinished = 0x5A
[2026-05-09 02:03:47.7819107] UObjectBase::bCanBeDamaged = 0x5A
[2026-05-09 02:03:47.8020116] UObjectBase::bBlockInput = 0x5A
[2026-05-09 02:03:47.8032198] UObjectBase::bCollideWhenPlacing = 0x5A
[2026-05-09 02:03:47.8034483] UObjectBase::bFindCameraComponentWhenViewTarget = 0x5A
[2026-05-09 02:03:47.8035888] UObjectBase::bGenerateOverlapEventsDuringLevelStreaming = 0x5A
[2026-05-09 02:03:47.8037036] UObjectBase::bIgnoresOriginShifting = 0x5A
[2026-05-09 02:03:47.8038062] UObjectBase::bHasRegisteredAllComponents = 0x5C
[2026-05-09 02:03:47.8039331] UObjectBase::bEnableAutoLODGeneration = 0x5B
[2026-05-09 02:03:47.8040750] UObjectBase::bIsEditorOnlyActor = 0x5B
[2026-05-09 02:03:47.8044542] UObjectBase::bActorSeamlessTraveled = 0x5B
[2026-05-09 02:03:47.8045526] UObjectBase::bReplicates = 0x5B
[2026-05-09 02:03:47.8046393] UObjectBase::bCanBeInCluster = 0x5B
[2026-05-09 02:03:47.8047296] UObjectBase::bAllowReceiveTickEventOnDedicatedServer = 0x5B
[2026-05-09 02:03:47.8048189] UObjectBase::bNetCheckedInitialPhysicsState = 0x5B
[2026-05-09 02:03:47.8049122] UObjectBase::bReplicateUsingRegisteredSubObjectList = 0x5B
[2026-05-09 02:03:47.8049925] UObjectBase::bHasFinishedSpawning = 0x5C
[2026-05-09 02:03:47.8050753] UObjectBase::bActorInitialized = 0x5C
[2026-05-09 02:03:47.8051736] UObjectBase::bActorBeginningPlayFromLevelStreaming = 0x5C
[2026-05-09 02:03:47.8052700] UObjectBase::bTickFunctionsRegistered = 0x5C
[2026-05-09 02:03:47.8053608] UObjectBase::AttachmentReplication = 0x70
[2026-05-09 02:03:47.8054501] UObjectBase::bHasDeferredComponentRegistration = 0x5C
[2026-05-09 02:03:47.8055500] UObjectBase::bRunningUserConstructionScript = 0x5C
[2026-05-09 02:03:47.8056699] UObjectBase::bHasPreRegisteredAllComponents = 0x5C
[2026-05-09 02:03:47.8057807] UObjectBase::bActorIsBeingDestroyed = 0x5D
[2026-05-09 02:03:47.8058987] UObjectBase::bActorWantsDestroyDuringBeginPlay = 0x5D
[2026-05-09 02:03:47.8060167] UObjectBase::bAsyncPhysicsTickEnabled = 0x5D
[2026-05-09 02:03:47.8062160] UObjectBase::UpdateOverlapsMethodDuringLevelStreaming = 0x5E
[2026-05-09 02:03:47.8063355] UObjectBase::DefaultUpdateOverlapsMethodDuringLevelStreaming = 0x5F
[2026-05-09 02:03:47.8064489] UObjectBase::RemoteRole = 0x60
[2026-05-09 02:03:47.8065674] UObjectBase::ActorCategory = 0x61
[2026-05-09 02:03:47.8068037] UObjectBase::InitialLifeSpan = 0x64
[2026-05-09 02:03:47.8069840] UObjectBase::CustomTimeDilation = 0x68
[2026-05-09 02:03:47.8080472] UObjectBase::RayTracingGroupId = 0x6C
[2026-05-09 02:03:47.8088049] UObjectBase::ReplicatedMovement = 0xD0
[2026-05-09 02:03:47.8093410] UObjectBase::Owner = 0x158
[2026-05-09 02:03:47.8101162] UObjectBase::NetDormancy = 0x169
[2026-05-09 02:03:47.8108057] UObjectBase::NetDriverName = 0x160
[2026-05-09 02:03:47.8114285] UObjectBase::Role = 0x168
[2026-05-09 02:03:47.8151514] UObjectBase::SpawnCollisionHandlingMethod = 0x16A
[2026-05-09 02:03:47.8325371] UObjectBase::CreationTime = 0x170
[2026-05-09 02:03:47.8334378] UObjectBase::InputComponent = 0x178
[2026-05-09 02:03:47.8344358] UObjectBase::NetTag = 0x180
[2026-05-09 02:03:47.8346941] UObjectBase::NetCullDistanceSquared = 0x184
[2026-05-09 02:03:47.8350263] UObjectBase::NetUpdateFrequency = 0x188
[2026-05-09 02:03:47.8351857] UObjectBase::MinNetUpdateFrequency = 0x18C
[2026-05-09 02:03:47.8353031] UObjectBase::NetPriority = 0x190
[2026-05-09 02:03:47.8354451] UObjectBase::PhysicsReplicationMode = 0x194
[2026-05-09 02:03:47.8355913] UObjectBase::LastRenderTime = 0x198
[2026-05-09 02:03:47.8357006] UObjectBase::Children = 0x1A8
[2026-05-09 02:03:47.8358172] UObjectBase::RootComponent = 0x1B8
[2026-05-09 02:03:47.8359587] UObjectBase::TimerHandle_LifeSpanExpired = 0x1C0
[2026-05-09 02:03:47.8362810] UObjectBase::Layers = 0x1C8
[2026-05-09 02:03:47.8364433] UObjectBase::ParentComponent = 0x1D8
[2026-05-09 02:03:47.8365532] UObjectBase::Tags = 0x1E0
[2026-05-09 02:03:47.8366723] UObjectBase::OnTakeAnyDamage = 0x1F0
[2026-05-09 02:03:47.8367828] UObjectBase::OnTakePointDamage = 0x1F1
[2026-05-09 02:03:47.8369122] UObjectBase::OnTakeRadialDamage = 0x1F2
[2026-05-09 02:03:47.8373810] UObjectBase::OnActorBeginOverlap = 0x1F3
[2026-05-09 02:03:47.8375577] UObjectBase::OnActorEndOverlap = 0x1F4
[2026-05-09 02:03:47.8376867] UObjectBase::OnEndCursorOver = 0x1F6
[2026-05-09 02:03:47.8379916] UObjectBase::OnClicked = 0x1F7
[2026-05-09 02:03:47.8382230] UObjectBase::OnReleased = 0x1F8
[2026-05-09 02:03:47.8384460] UObjectBase::OnInputTouchBegin = 0x1F9
[2026-05-09 02:03:47.8389309] UObjectBase::OnInputTouchEnd = 0x1FA
[2026-05-09 02:03:47.8400756] UObjectBase::OnInputTouchEnter = 0x1FB
[2026-05-09 02:03:47.8408842] UObjectBase::OnInputTouchLeave = 0x1FC
[2026-05-09 02:03:47.8415780] UObjectBase::OnActorHit = 0x1FD
[2026-05-09 02:03:47.8421407] UObjectBase::OnDestroyed = 0x1FE
[2026-05-09 02:03:47.8427270] UObjectBase::ReplicatedSubObjects = 0x200
[2026-05-09 02:03:47.8429880] UObjectBase::ReplicatedComponentsInfo = 0x210
[2026-05-09 02:03:47.8436032] UObjectBase::DetachFence = 0x2A0
[2026-05-09 02:03:47.8605452] UScriptStruct::ICppStructOps::Size = 0x8
[2026-05-09 02:03:47.8624503] UScriptStruct::ICppStructOps::Alignment = 0xC
[2026-05-09 02:03:47.8640018] UScriptStruct::ICppStructOps::UEP_TotalSize = 0x10
[2026-05-09 02:03:47.8644251] UStruct::SuperStruct = 0x40
[2026-05-09 02:03:47.8646478] UStruct::ChildProperties = 0x50
[2026-05-09 02:03:47.8650123] UStruct::Children = 0x48
[2026-05-09 02:03:47.8651897] UStruct::PropertiesSize = 0x58
[2026-05-09 02:03:47.8653519] UStruct::UnresolvedScriptProperties = 0xA0
[2026-05-09 02:03:47.8654911] UStruct::MinAlignment = 0x5C
[2026-05-09 02:03:47.8669436] UStruct::PropertyLink = 0x70
[2026-05-09 02:03:47.8687564] UStruct::Script = 0x60
[2026-05-09 02:03:47.8693691] UStruct::StructStateFlags = 0x5E
[2026-05-09 02:03:47.8696751] UStruct::RefLink = 0x78
[2026-05-09 02:03:47.8699048] UStruct::DestructorLink = 0x80
[2026-05-09 02:03:47.8701217] UStruct::PostConstructLink = 0x88
[2026-05-09 02:03:47.8703816] UStruct::ScriptAndPropertyObjectReferences = 0x90
[2026-05-09 02:03:47.8707293] UStruct::UEP_TotalSize = 0xB0
[2026-05-09 02:03:47.8709370] UScriptStruct::UEP_TotalSize = 0xC0
[2026-05-09 02:03:47.8712040] UScriptStruct::CppStructOps = 0xB8
[2026-05-09 02:03:47.8715277] UScriptStruct::StructFlags = 0xB0
[2026-05-09 02:03:47.8717389] UScriptStruct::bPrepareCppStructOpsCompleted = 0xB4
[2026-05-09 02:03:47.8721805] UClass::ClassConstructor = 0xB0
[2026-05-09 02:03:47.8730632] UClass::AllFunctionsCacheLock = 0x1D0
[2026-05-09 02:03:47.8732556] UClass::ClassVTableHelperCtorCaller = 0xB8
[2026-05-09 02:03:47.8733997] UClass::ClassUnique = 0xC8
[2026-05-09 02:03:47.8735173] UClass::ClassCastFlags = 0xD8
[2026-05-09 02:03:47.8736598] UClass::FirstOwnedClassRep = 0xCC
[2026-05-09 02:03:47.8737854] UClass::ClassWithin = 0xE0
[2026-05-09 02:03:47.8739011] UClass::bLayoutChanging = 0xD1
[2026-05-09 02:03:47.8740297] UClass::ClassConfigName = 0xE8
[2026-05-09 02:03:47.8742940] UClass::bCooked = 0xD0
[2026-05-09 02:03:47.8937253] UClass::ClassFlags = 0xD4
[2026-05-09 02:03:47.8941417] UClass::NetFields = 0x100
[2026-05-09 02:03:47.8944028] UClass::ClassDefaultObject = 0x110
[2026-05-09 02:03:47.8945984] UClass::SparseClassData = 0x118
[2026-05-09 02:03:47.8952321] UClass::SparseClassDataStruct = 0x120
[2026-05-09 02:03:47.8954214] UClass::FuncMap = 0x128
[2026-05-09 02:03:47.8955788] UClass::FuncMapLock = 0x178
[2026-05-09 02:03:47.8957087] UClass::AllFunctionsCache = 0x180
[2026-05-09 02:03:47.8958876] UClass::Interfaces = 0x1D8
[2026-05-09 02:03:47.8962536] UClass::ReferenceSchema = 0x1E8
[2026-05-09 02:03:47.8964331] UClass::NativeFunctionLookupTable = 0x1F0
[2026-05-09 02:03:47.8965466] UClass::UEP_TotalSize = 0x200
[2026-05-09 02:03:47.8966660] UEnum::CppType = 0x30
[2026-05-09 02:03:47.8968562] UEnum::EnumFlags_Internal = 0x51
[2026-05-09 02:03:47.8972798] UEnum::Names = 0x40
[2026-05-09 02:03:47.8974652] UEnum::CppForm = 0x50
[2026-05-09 02:03:47.8976536] UEnum::EnumPackage = 0x54
[2026-05-09 02:03:47.8977819] UEnum::EnumDisplayNameFn = 0x60
[2026-05-09 02:03:47.8978769] UEnum::UEP_TotalSize = 0x68
[2026-05-09 02:03:47.8980065] UFunction::FunctionFlags = 0xB0
[2026-05-09 02:03:47.8981969] UFunction::NumParms = 0xB4
[2026-05-09 02:03:47.8983402] UFunction::ParmsSize = 0xB6
[2026-05-09 02:03:47.8984742] UFunction::FirstPropertyToInit = 0xC0
[2026-05-09 02:03:47.8985914] UFunction::RPCId = 0xBA
[2026-05-09 02:03:47.8986887] UFunction::ReturnValueOffset = 0xB8
[2026-05-09 02:03:47.8987910] UFunction::RPCResponseId = 0xBC
[2026-05-09 02:03:47.8989138] UFunction::EventGraphFunction = 0xC8
[2026-05-09 02:03:47.8990832] UFunction::EventGraphCallOffset = 0xD0
[2026-05-09 02:03:47.8992305] UFunction::Func = 0xD8
[2026-05-09 02:03:47.8993905] UFunction::UEP_TotalSize = 0xE0
[2026-05-09 02:03:47.8995286] UField::Next = 0x28
[2026-05-09 02:03:47.8996354] UField::UEP_TotalSize = 0x30
[2026-05-09 02:03:47.8997412] FField::ClassPrivate = 0x8
[2026-05-09 02:03:47.8998456] FField::Owner = 0x10
[2026-05-09 02:03:47.8999532] FField::Next = 0x18
[2026-05-09 02:03:47.9001408] FField::FlagsPrivate = 0x28
[2026-05-09 02:03:47.9002617] FField::NamePrivate = 0x20
[2026-05-09 02:03:47.9004315] FField::UEP_TotalSize = 0x30
[2026-05-09 02:03:47.9005743] FProperty::RepIndex = 0x40
[2026-05-09 02:03:47.9006818] FProperty::ArrayDim = 0x30
[2026-05-09 02:03:47.9007829] FProperty::ElementSize = 0x34
[2026-05-09 02:03:47.9008788] FProperty::PropertyLinkNext = 0x48
[2026-05-09 02:03:47.9009780] FProperty::PropertyFlags = 0x38
[2026-05-09 02:03:47.9010758] FProperty::Offset_Internal = 0x44
[2026-05-09 02:03:47.9011745] FProperty::NextRef = 0x50
[2026-05-09 02:03:47.9012939] FProperty::DestructorLinkNext = 0x58
[2026-05-09 02:03:47.9014294] FProperty::PostConstructLinkNext = 0x60
[2026-05-09 02:03:47.9015606] FProperty::RepNotifyFunc = 0x68
[2026-05-09 02:03:47.9017346] FProperty::UEP_TotalSize = 0x70
[2026-05-09 02:03:47.9018639] FNumericProperty::RepIndex = 0x40
[2026-05-09 02:03:47.9019745] FNumericProperty::ArrayDim = 0x30
[2026-05-09 02:03:47.9020815] FNumericProperty::ElementSize = 0x34
[2026-05-09 02:03:47.9021999] FNumericProperty::PropertyLinkNext = 0x48
[2026-05-09 02:03:47.9023694] FNumericProperty::PropertyFlags = 0x38
[2026-05-09 02:03:47.9025029] FNumericProperty::Offset_Internal = 0x44
[2026-05-09 02:03:47.9026089] FNumericProperty::NextRef = 0x50
[2026-05-09 02:03:47.9027446] FNumericProperty::DestructorLinkNext = 0x58
[2026-05-09 02:03:47.9036937] FNumericProperty::PostConstructLinkNext = 0x60
[2026-05-09 02:03:47.9043090] FNumericProperty::RepNotifyFunc = 0x68
[2026-05-09 02:03:47.9045234] FNumericProperty::UEP_TotalSize = 0x70
[2026-05-09 02:03:47.9046772] FObjectPropertyBase::PropertyClass = 0x70
[2026-05-09 02:03:47.9047986] FObjectPropertyBase::UEP_TotalSize = 0x78
[2026-05-09 02:03:47.9050769] FStructProperty::Struct = 0x70
[2026-05-09 02:03:47.9383368] FStructProperty::UEP_TotalSize = 0x78
[2026-05-09 02:03:47.9395390] FArrayProperty::Inner = 0x78
[2026-05-09 02:03:47.9401984] FArrayProperty::ArrayFlags = 0x70
[2026-05-09 02:03:47.9406362] FArrayProperty::UEP_TotalSize = 0x80
[2026-05-09 02:03:47.9408196] FMapProperty::KeyProp = 0x70
[2026-05-09 02:03:47.9409444] FMapProperty::MapLayout = 0x80
[2026-05-09 02:03:47.9411502] FMapProperty::ValueProp = 0x78
[2026-05-09 02:03:47.9413279] FMapProperty::MapFlags = 0x98
[2026-05-09 02:03:47.9414507] FMapProperty::UEP_TotalSize = 0xA0
[2026-05-09 02:03:47.9417716] FSetProperty::ElementProp = 0x70
[2026-05-09 02:03:47.9420549] FSetProperty::UEP_TotalSize = 0x90
[2026-05-09 02:03:47.9422831] FSetProperty::SetLayout = 0x78
[2026-05-09 02:03:47.9424571] FBoolProperty::ByteOffset = 0x71
[2026-05-09 02:03:47.9425834] FBoolProperty::FieldSize = 0x70
[2026-05-09 02:03:47.9426958] FBoolProperty::FieldMask = 0x73
[2026-05-09 02:03:47.9428453] FBoolProperty::ByteMask = 0x72
[2026-05-09 02:03:47.9430803] FBoolProperty::UEP_TotalSize = 0x78
[2026-05-09 02:03:47.9441164] FByteProperty::Enum = 0x70
[2026-05-09 02:03:47.9446866] FByteProperty::UEP_TotalSize = 0x78
[2026-05-09 02:03:47.9449116] FEnumProperty::UEP_TotalSize = 0x80
[2026-05-09 02:03:47.9450940] FEnumProperty::UnderlyingProp = 0x70
[2026-05-09 02:03:47.9452281] FEnumProperty::Enum = 0x78
[2026-05-09 02:03:47.9453727] FClassProperty::MetaClass = 0x78
[2026-05-09 02:03:47.9455039] FClassProperty::UEP_TotalSize = 0x80
[2026-05-09 02:03:47.9456160] FSoftClassProperty::MetaClass = 0x78
[2026-05-09 02:03:47.9457200] FSoftClassProperty::UEP_TotalSize = 0x80
[2026-05-09 02:03:47.9458243] FDelegateProperty::SignatureFunction = 0x70
[2026-05-09 02:03:47.9459548] FDelegateProperty::UEP_TotalSize = 0x78
[2026-05-09 02:03:47.9461422] FMulticastDelegateProperty::SignatureFunction = 0x70
[2026-05-09 02:03:47.9463855] FMulticastDelegateProperty::UEP_TotalSize = 0x78
[2026-05-09 02:03:47.9465136] FInterfaceProperty::InterfaceClass = 0x70
[2026-05-09 02:03:47.9466086] FInterfaceProperty::UEP_TotalSize = 0x78
[2026-05-09 02:03:47.9466953] FFieldPathProperty::PropertyClass = 0x70
[2026-05-09 02:03:47.9467871] FFieldPathProperty::UEP_TotalSize = 0x78
[2026-05-09 02:03:47.9470278] FWorldContext::ThisCurrentWorld = 0x2C0
[2026-05-09 02:03:47.9471586] FWorldContext::ExternalReferences = 0x2B0
[2026-05-09 02:03:47.9472793] FWorldContext::LastRemoteURL = 0x128
[2026-05-09 02:03:47.9474318] FWorldContext::ContextHandle = 0xA0
[2026-05-09 02:03:47.9475439] FWorldContext::PendingMapChangeFailureDescription = 0x1C8
[2026-05-09 02:03:47.9477369] FWorldContext::TravelURL = 0xA8
[2026-05-09 02:03:47.9478879] FWorldContext::TravelType = 0xB8
[2026-05-09 02:03:47.9479922] FWorldContext::LastURL = 0xC0
[2026-05-09 02:03:47.9481903] FWorldContext::LevelsToLoadForPendingMapChange = 0x1A8
[2026-05-09 02:03:47.9483164] FWorldContext::GarbageObjectsToVerify = 0x260
[2026-05-09 02:03:47.9486177] FWorldContext::bShouldCommitPendingMapChange = 0x1D8
[2026-05-09 02:03:47.9487611] FWorldContext::GameViewport = 0x200
[2026-05-09 02:03:47.9489177] FWorldContext::PIEInstance = 0x220
[2026-05-09 02:03:47.9490324] FWorldContext::PIEFixedTickSeconds = 0x258
[2026-05-09 02:03:47.9491619] FWorldContext::PIEPrefix = 0x228
[2026-05-09 02:03:47.9493332] FWorldContext::RunAsDedicated = 0x23C
[2026-05-09 02:03:47.9494928] FWorldContext::bWaitingOnOnlineSubsystem = 0x23D
[2026-05-09 02:03:47.9496981] FWorldContext::bIsPrimaryPIEInstance = 0x23E
[2026-05-09 02:03:47.9498688] FWorldContext::AudioDeviceID = 0x240
[2026-05-09 02:03:47.9500209] FWorldContext::CustomDescription = 0x248
[2026-05-09 02:03:47.9501918] FWorldContext::PIEAccumulatedTickSeconds = 0x25C
[2026-05-09 02:03:47.9503356] FWorldContext::UEP_TotalSize = 0x2C8
[2026-05-09 02:03:47.9504426] FOutputDevice::bSuppressEventTag = 0x8
[2026-05-09 02:03:47.9509344] FOutputDevice::bAutoEmitLineTerminator = 0x9
[2026-05-09 02:03:47.9513936] FOutputDevice::UEP_TotalSize = 0x10
[2026-05-09 02:03:47.9825557] FArchiveState::ArIsTextFormat = 0x28
[2026-05-09 02:03:47.9841000] FArchiveState::ArIsLoading = 0x28
[2026-05-09 02:03:47.9843829] FArchiveState::ArIsLoadingFromCookedPackage = 0x28
[2026-05-09 02:03:47.9845543] FArchiveState::ArPortFlags = 0x34
[2026-05-09 02:03:47.9847252] FArchiveState::ArIsTransacting = 0x28
[2026-05-09 02:03:47.9848511] FArchiveState::ArIsSaving = 0x28
[2026-05-09 02:03:47.9862243] FArchiveState::ArForceUnicode = 0x28
[2026-05-09 02:03:47.9867693] FArchiveState::ArIsModifyingWeakAndStrongReferences = 0x2B
[2026-05-09 02:03:47.9869475] FArchiveState::ArUseUnversionedPropertySerialization = 0x28
[2026-05-09 02:03:47.9871174] FArchiveState::ArWantBinaryPropertySerialization = 0x28
[2026-05-09 02:03:47.9872472] FArchiveState::ArIsObjectReferenceCollector = 0x2B
[2026-05-09 02:03:47.9874203] FArchiveState::ArIsPersistent = 0x29
[2026-05-09 02:03:47.9875564] FArchiveState::ArForceByteSwapping = 0x2A
[2026-05-09 02:03:47.9877091] FArchiveState::ArIsError = 0x29
[2026-05-09 02:03:47.9878461] FArchiveState::ArUEVer = 0x40
[2026-05-09 02:03:47.9879651] FArchiveState::ArIsCriticalError = 0x29
[2026-05-09 02:03:47.9880855] FArchiveState::ArMaxSerializeSize = 0x38
[2026-05-09 02:03:47.9882528] FArchiveState::ArShouldSkipCompilingAssets = 0x29
[2026-05-09 02:03:47.9883566] FArchiveState::ArShouldSkipUpdateCustomVersion = 0x29
[2026-05-09 02:03:47.9884576] FArchiveState::ArCustomPropertyList = 0x60
[2026-05-09 02:03:47.9888906] FArchiveState::ArContainsCode = 0x29
[2026-05-09 02:03:47.9890235] FArchiveState::ArIsNetArchive = 0x2B
[2026-05-09 02:03:47.9891309] FArchiveState::ArContainsMap = 0x29
[2026-05-09 02:03:47.9892540] FArchiveState::ArRequiresLocalizationGather = 0x29
[2026-05-09 02:03:47.9894109] FArchiveState::ArIgnoreArchetypeRef = 0x2A
[2026-05-09 02:03:47.9895134] FArchiveState::ArNoDelta = 0x2A
[2026-05-09 02:03:47.9896103] FArchiveState::ArNoIntraPropertyDelta = 0x2A
[2026-05-09 02:03:47.9897428] FArchiveState::ArIgnoreOuterRef = 0x2A
[2026-05-09 02:03:47.9898577] FArchiveState::ArIgnoreClassGeneratedByRef = 0x2A
[2026-05-09 02:03:47.9899638] FArchiveState::ArLicenseeUEVer = 0x48
[2026-05-09 02:03:47.9900909] FArchiveState::ArMergeOverrides = 0x2C
[2026-05-09 02:03:47.9903464] FArchiveState::ArIgnoreClassRef = 0x2A
[2026-05-09 02:03:47.9905410] FArchiveState::ArAllowLazyLoading = 0x2A
[2026-05-09 02:03:47.9907170] FArchiveState::NextProxy = 0x88
[2026-05-09 02:03:47.9908479] FArchiveState::ArIsCountingMemory = 0x2B
[2026-05-09 02:03:47.9910267] FArchiveState::bCustomVersionsAreReset = 0x80
[2026-05-09 02:03:47.9912070] FArchiveState::ArShouldSkipBulkData = 0x2B
[2026-05-09 02:03:47.9914022] FArchiveState::ArIsFilterEditorOnly = 0x2B
[2026-05-09 02:03:47.9919618] FArchiveState::ArIsSaveGame = 0x2B
[2026-05-09 02:03:47.9925421] FArchiveState::ArUseCustomPropertyList = 0x2B
[2026-05-09 02:03:47.9929820] FArchiveState::ArPreserveArrayElements = 0x2C
[2026-05-09 02:03:47.9931732] FArchiveState::UEP_TotalSize = 0x90
[2026-05-09 02:03:47.9933940] FArchiveState::ArSerializingDefaults = 0x30
[2026-05-09 02:03:47.9935181] FArchiveState::ArEngineVer = 0x4C
[2026-05-09 02:03:47.9936637] FArchiveState::CustomVersionContainer = 0x58
[2026-05-09 02:03:47.9938927] FArchiveState::SavePackageData = 0x68
[2026-05-09 02:03:47.9940323] FArchiveState::SerializedProperty = 0x70
[2026-05-09 02:03:47.9941420] AActor::NamePrivate = 0x18
[2026-05-09 02:03:47.9942440] AActor::ObjectFlags = 0x8
[2026-05-09 02:03:47.9944291] AActor::World = 0x78
[2026-05-09 02:03:47.9945280] AActor::ActiveSplitscreenType = 0x70
[2026-05-09 02:03:47.9947258] AActor::ViewportConsole = 0x40
[2026-05-09 02:03:47.9950378] AActor::bUseSoftwareCursorWidgets = 0x270
[2026-05-09 02:03:47.9951993] AActor::ClassPrivate = 0x10
[2026-05-09 02:03:47.9953081] AActor::bNetLoadOnClient = 0x59
[2026-05-09 02:03:47.9954235] AActor::InternalIndex_Private = 0xC
[2026-05-09 02:03:47.9955336] AActor::bAllowTickBeforeBeginPlay = 0x5A
[2026-05-09 02:03:47.9956408] AActor::InputPriority = 0x16C
[2026-05-09 02:03:47.9957677] AActor::bForceNetAddressable = 0x59
[2026-05-09 02:03:47.9958677] AActor::bDisableSplitScreenOverride = 0x3B8
[2026-05-09 02:03:47.9960212] AActor::Window = 0x110
[2026-05-09 02:03:47.9961303] AActor::OuterPrivate = 0x20
[2026-05-09 02:03:47.9962237] AActor::bAlwaysRelevant = 0x58
[2026-05-09 02:03:47.9965570] AActor::HardwareCursorCache = 0x180
[2026-05-09 02:03:47.9969364] AActor::DebugProperties = 0x48
[2026-05-09 02:03:47.9971281] AActor::bReplayRewindable = 0x59
[2026-05-09 02:03:47.9972427] AActor::bHidden = 0x58
[2026-05-09 02:03:47.9973386] AActor::CurrentBufferVisualizationMode = 0x140
[2026-05-09 02:03:47.9974381] AActor::UEP_TotalSize = 0x28
[2026-05-09 02:03:47.9975333] AActor::SplitscreenInfo = 0x58
[2026-05-09 02:03:47.9976918] AActor::ViewportOverlayWidget = 0x120
[2026-05-09 02:03:47.9979944] AActor::OnEndPlay = 0x1FF
[2026-05-09 02:03:48.0246304] AActor::bHasAudioFocus = 0x10C
[2026-05-09 02:03:48.0248613] AActor::MaxSplitscreenPlayers = 0x68
[2026-05-09 02:03:48.0250039] AActor::bIsPlayInEditorViewport = 0x6C
[2026-05-09 02:03:48.0251689] AActor::bDisableWorldRendering = 0x6C
[2026-05-09 02:03:48.0261277] AActor::bTearOff = 0x59
[2026-05-09 02:03:48.0265149] AActor::CurrentLumenVisualizationMode = 0x150
[2026-05-09 02:03:48.0270947] AActor::bSuppressTransitionMessage = 0x88
[2026-05-09 02:03:48.0272738] AActor::bReplicateMovement = 0x58
[2026-05-09 02:03:48.0273947] AActor::ViewModeIndex = 0xB0
[2026-05-09 02:03:48.0275172] AActor::bNetUseOwnerRelevancy = 0x59
[2026-05-09 02:03:48.0277080] AActor::AutoReceiveInput = 0x16B
[2026-05-09 02:03:48.0280159] AActor::EngineShowFlags = 0xB8
[2026-05-09 02:03:48.0282425] AActor::Viewport = 0xF8
[2026-05-09 02:03:48.0283789] AActor::MouseLockMode = 0x3BC
[2026-05-09 02:03:48.0285262] AActor::ViewportFrame = 0x100
[2026-05-09 02:03:48.0286473] AActor::AudioDeviceHandle = 0x108
[2026-05-09 02:03:48.0288582] AActor::CurrentGroomVisualizationMode = 0x160
[2026-05-09 02:03:48.0294491] AActor::GameLayerManagerPtr = 0x130
[2026-05-09 02:03:48.0295855] AActor::CurrentNaniteVisualizationMode = 0x148
[2026-05-09 02:03:48.0297427] AActor::CurrentSubstrateVisualizationMode = 0x158
[2026-05-09 02:03:48.0298875] AActor::CurrentVirtualShadowMapVisualizationMode = 0x168
[2026-05-09 02:03:48.0300140] AActor::HighResScreenshotDialog = 0x170
[2026-05-09 02:03:48.0301356] AActor::HardwareCursors = 0x1D0
[2026-05-09 02:03:48.0302668] AActor::CursorWidgets = 0x220
[2026-05-09 02:03:48.0303875] AActor::StatUnitData = 0x3A8
[2026-05-09 02:03:48.0306550] AActor::OnBeginCursorOver = 0x1F5
[2026-05-09 02:03:48.0309559] AActor::StatHitchesData = 0x3B0
[2026-05-09 02:03:48.0312745] AActor::bIgnoreInput = 0x3B9
[2026-05-09 02:03:48.0314194] AActor::MouseCaptureMode = 0x3BA
[2026-05-09 02:03:48.0316071] AActor::bHideCursorDuringCapture = 0x3BB
[2026-05-09 02:03:48.0317592] AActor::bActorEnableCollision = 0x5D
[2026-05-09 02:03:48.0318946] AActor::bIsMouseOverClient = 0x3BD
[2026-05-09 02:03:48.0320259] AActor::PrimaryActorTick = 0x28
[2026-05-09 02:03:48.0321316] AActor::ActorHasBegunPlay = 0x5D
[2026-05-09 02:03:48.0322742] AActor::bNetTemporary = 0x58
[2026-05-09 02:03:48.0326617] AActor::bActorIsBeingConstructed = 0x5D
[2026-05-09 02:03:48.0328694] AActor::bNetStartup = 0x58
[2026-05-09 02:03:48.0330180] AActor::bOnlyRelevantToOwner = 0x58
[2026-05-09 02:03:48.0331555] AActor::bCallPreReplication = 0x58
[2026-05-09 02:03:48.0332704] AActor::bCallPreReplicationForReplay = 0x58
[2026-05-09 02:03:48.0333761] AActor::bExchangedRoles = 0x59
[2026-05-09 02:03:48.0334971] AActor::bRelevantForNetworkReplays = 0x59
[2026-05-09 02:03:48.0336577] AActor::bRelevantForLevelBounds = 0x59
[2026-05-09 02:03:48.0337927] AActor::bAutoDestroyWhenFinished = 0x5A
[2026-05-09 02:03:48.0339385] AActor::bCanBeDamaged = 0x5A
[2026-05-09 02:03:48.0341521] AActor::bBlockInput = 0x5A
[2026-05-09 02:03:48.0343897] AActor::bCollideWhenPlacing = 0x5A
[2026-05-09 02:03:48.0345257] AActor::bFindCameraComponentWhenViewTarget = 0x5A
[2026-05-09 02:03:48.0346641] AActor::bGenerateOverlapEventsDuringLevelStreaming = 0x5A
[2026-05-09 02:03:48.0347779] AActor::bIgnoresOriginShifting = 0x5A
[2026-05-09 02:03:48.0349601] AActor::bHasRegisteredAllComponents = 0x5C
[2026-05-09 02:03:48.0350794] AActor::bEnableAutoLODGeneration = 0x5B
[2026-05-09 02:03:48.0352754] AActor::bIsEditorOnlyActor = 0x5B
[2026-05-09 02:03:48.0354361] AActor::bActorSeamlessTraveled = 0x5B
[2026-05-09 02:03:48.0355639] AActor::bReplicates = 0x5B
[2026-05-09 02:03:48.0358748] AActor::bCanBeInCluster = 0x5B
[2026-05-09 02:03:48.0369738] AActor::bAllowReceiveTickEventOnDedicatedServer = 0x5B
[2026-05-09 02:03:48.0374576] AActor::bNetCheckedInitialPhysicsState = 0x5B
[2026-05-09 02:03:48.0379777] AActor::bReplicateUsingRegisteredSubObjectList = 0x5B
[2026-05-09 02:03:48.0385925] AActor::bHasFinishedSpawning = 0x5C
[2026-05-09 02:03:48.0389677] AActor::bActorInitialized = 0x5C
[2026-05-09 02:03:48.0397560] AActor::bActorBeginningPlayFromLevelStreaming = 0x5C
[2026-05-09 02:03:48.0401592] AActor::bTickFunctionsRegistered = 0x5C
[2026-05-09 02:03:48.0403704] AActor::AttachmentReplication = 0x70
[2026-05-09 02:03:48.0406434] AActor::bHasDeferredComponentRegistration = 0x5C
[2026-05-09 02:03:48.0411578] AActor::bRunningUserConstructionScript = 0x5C
[2026-05-09 02:03:48.0413047] AActor::bHasPreRegisteredAllComponents = 0x5C
[2026-05-09 02:03:48.0416088] AActor::bActorIsBeingDestroyed = 0x5D
[2026-05-09 02:03:48.0417665] AActor::bActorWantsDestroyDuringBeginPlay = 0x5D
[2026-05-09 02:03:48.0418806] AActor::bAsyncPhysicsTickEnabled = 0x5D
[2026-05-09 02:03:48.0421756] AActor::UpdateOverlapsMethodDuringLevelStreaming = 0x5E
[2026-05-09 02:03:48.0424514] AActor::DefaultUpdateOverlapsMethodDuringLevelStreaming = 0x5F
[2026-05-09 02:03:48.0427202] AActor::RemoteRole = 0x60
[2026-05-09 02:03:48.0440921] AActor::ActorCategory = 0x61
[2026-05-09 02:03:48.0755937] AActor::InitialLifeSpan = 0x64
[2026-05-09 02:03:48.0760085] AActor::CustomTimeDilation = 0x68
[2026-05-09 02:03:48.0763481] AActor::RayTracingGroupId = 0x6C
[2026-05-09 02:03:48.0764974] AActor::ReplicatedMovement = 0xD0
[2026-05-09 02:03:48.0766710] AActor::Owner = 0x158
[2026-05-09 02:03:48.0768380] AActor::NetDormancy = 0x169
[2026-05-09 02:03:48.0770039] AActor::NetDriverName = 0x160
[2026-05-09 02:03:48.0771124] AActor::Role = 0x168
[2026-05-09 02:03:48.0772112] AActor::SpawnCollisionHandlingMethod = 0x16A
[2026-05-09 02:03:48.0773115] AActor::CreationTime = 0x170
[2026-05-09 02:03:48.0774031] AActor::InputComponent = 0x178
[2026-05-09 02:03:48.0775312] AActor::NetTag = 0x180
[2026-05-09 02:03:48.0776310] AActor::NetCullDistanceSquared = 0x184
[2026-05-09 02:03:48.0777324] AActor::NetUpdateFrequency = 0x188
[2026-05-09 02:03:48.0778332] AActor::MinNetUpdateFrequency = 0x18C
[2026-05-09 02:03:48.0779362] AActor::NetPriority = 0x190
[2026-05-09 02:03:48.0781116] AActor::PhysicsReplicationMode = 0x194
[2026-05-09 02:03:48.0782265] AActor::LastRenderTime = 0x198
[2026-05-09 02:03:48.0783343] AActor::Children = 0x1A8
[2026-05-09 02:03:48.0784468] AActor::RootComponent = 0x1B8
[2026-05-09 02:03:48.0786149] AActor::TimerHandle_LifeSpanExpired = 0x1C0
[2026-05-09 02:03:48.0787609] AActor::Layers = 0x1C8
[2026-05-09 02:03:48.0789637] AActor::ParentComponent = 0x1D8
[2026-05-09 02:03:48.0791535] AActor::Tags = 0x1E0
[2026-05-09 02:03:48.0792698] AActor::OnTakeAnyDamage = 0x1F0
[2026-05-09 02:03:48.0794098] AActor::OnTakePointDamage = 0x1F1
[2026-05-09 02:03:48.0795196] AActor::OnTakeRadialDamage = 0x1F2
[2026-05-09 02:03:48.0796254] AActor::OnActorBeginOverlap = 0x1F3
[2026-05-09 02:03:48.0797689] AActor::OnActorEndOverlap = 0x1F4
[2026-05-09 02:03:48.0799556] AActor::OnEndCursorOver = 0x1F6
[2026-05-09 02:03:48.0802311] AActor::OnClicked = 0x1F7
[2026-05-09 02:03:48.0803831] AActor::OnReleased = 0x1F8
[2026-05-09 02:03:48.0816395] AActor::OnInputTouchBegin = 0x1F9
[2026-05-09 02:03:48.0817952] AActor::OnInputTouchEnd = 0x1FA
[2026-05-09 02:03:48.0820706] AActor::OnInputTouchEnter = 0x1FB
[2026-05-09 02:03:48.0821951] AActor::OnInputTouchLeave = 0x1FC
[2026-05-09 02:03:48.0822961] AActor::OnActorHit = 0x1FD
[2026-05-09 02:03:48.0830081] AActor::OnDestroyed = 0x1FE
[2026-05-09 02:03:48.0832165] AActor::ReplicatedSubObjects = 0x200
[2026-05-09 02:03:48.0834083] AActor::ReplicatedComponentsInfo = 0x210
[2026-05-09 02:03:48.0835633] AActor::DetachFence = 0x2A0
[2026-05-09 02:03:48.0837348] AGameModeBase::OptionsString = 0x2A8
[2026-05-09 02:03:48.0838440] AGameModeBase::ServerStatReplicator = 0x310
[2026-05-09 02:03:48.0840561] AGameModeBase::GameSessionClass = 0x2B8
[2026-05-09 02:03:48.0842584] AGameModeBase::PlayerStateClass = 0x2D0
[2026-05-09 02:03:48.0843808] AGameModeBase::HUDClass = 0x2D8
[2026-05-09 02:03:48.0844848] AGameModeBase::SpectatorClass = 0x2E8
[2026-05-09 02:03:48.0846773] AGameModeBase::GameSession = 0x300
[2026-05-09 02:03:48.0848196] AGameModeBase::ServerStatReplicatorClass = 0x2F8
[2026-05-09 02:03:48.0849522] AGameModeBase::DefaultPlayerName = 0x318
[2026-05-09 02:03:48.0851195] AGameModeBase::bUseSeamlessTravel = 0x328
[2026-05-09 02:03:48.0853209] AGameModeBase::bStartPlayersAsSpectators = 0x328
[2026-05-09 02:03:48.0854571] AGameModeBase::bPauseable = 0x328
[2026-05-09 02:03:48.0855735] AGameModeBase::GameNetDriverReplicationSystem = 0x32C
[2026-05-09 02:03:48.0857651] AGameModeBase::UEP_TotalSize = 0x340
[2026-05-09 02:03:48.0860765] AGameMode::NumBots = 0x354
[2026-05-09 02:03:48.0863118] AGameMode::MatchState = 0x340
[2026-05-09 02:03:48.0874147] AGameMode::NumSpectators = 0x34C
[2026-05-09 02:03:48.0877266] AGameMode::NumPlayers = 0x350
[2026-05-09 02:03:48.0879088] AGameMode::bDelayedStart = 0x348
[2026-05-09 02:03:48.0890372] AGameMode::MinRespawnDelay = 0x358
[2026-05-09 02:03:48.0892643] AGameMode::EngineMessageClass = 0x360
[2026-05-09 02:03:48.0894388] AGameMode::NumTravellingPlayers = 0x35C
[2026-05-09 02:03:48.0896029] AGameMode::InactivePlayerArray = 0x368
[2026-05-09 02:03:48.0897534] AGameMode::InactivePlayerStateLifeSpan = 0x378
[2026-05-09 02:03:48.0898944] AGameMode::MaxInactivePlayers = 0x37C
[2026-05-09 02:03:48.0900026] AGameMode::bHandleDedicatedServerReplays = 0x380
[2026-05-09 02:03:48.0902281] AGameMode::UEP_TotalSize = 0x388
[2026-05-09 02:03:48.0903638] UEngine::NamePrivate = 0x18
[2026-05-09 02:03:48.0905193] UEngine::ObjectFlags = 0x8
[2026-05-09 02:03:48.0911424] UEngine::World = 0x78
[2026-05-09 02:03:48.1253731] UEngine::ActiveSplitscreenType = 0x70
[2026-05-09 02:03:48.1279894] UEngine::ViewportConsole = 0x40
[2026-05-09 02:03:48.1287207] UEngine::bUseSoftwareCursorWidgets = 0x270
[2026-05-09 02:03:48.1288769] UEngine::ClassPrivate = 0x10
[2026-05-09 02:03:48.1289967] UEngine::bNetLoadOnClient = 0x59
[2026-05-09 02:03:48.1291096] UEngine::InternalIndex_Private = 0xC
[2026-05-09 02:03:48.1292379] UEngine::bAllowTickBeforeBeginPlay = 0x5A
[2026-05-09 02:03:48.1293676] UEngine::InputPriority = 0x16C
[2026-05-09 02:03:48.1294915] UEngine::bForceNetAddressable = 0x59
[2026-05-09 02:03:48.1296240] UEngine::bDisableSplitScreenOverride = 0x3B8
[2026-05-09 02:03:48.1297484] UEngine::Window = 0x110
[2026-05-09 02:03:48.1300559] UEngine::OuterPrivate = 0x20
[2026-05-09 02:03:48.1303594] UEngine::bAlwaysRelevant = 0x58
[2026-05-09 02:03:48.1310929] UEngine::HardwareCursorCache = 0x180
[2026-05-09 02:03:48.1314564] UEngine::DebugProperties = 0x48
[2026-05-09 02:03:48.1320275] UEngine::bReplayRewindable = 0x59
[2026-05-09 02:03:48.1322267] UEngine::bHidden = 0x58
[2026-05-09 02:03:48.1324456] UEngine::CurrentBufferVisualizationMode = 0x140
[2026-05-09 02:03:48.1327284] UEngine::UEP_TotalSize = 0x28
[2026-05-09 02:03:48.1330306] UEngine::SplitscreenInfo = 0x58
[2026-05-09 02:03:48.1338323] UEngine::ViewportOverlayWidget = 0x120
[2026-05-09 02:03:48.1340579] UEngine::OnEndPlay = 0x1FF
[2026-05-09 02:03:48.1342293] UEngine::bHasAudioFocus = 0x10C
[2026-05-09 02:03:48.1343652] UEngine::MaxSplitscreenPlayers = 0x68
[2026-05-09 02:03:48.1345187] UEngine::bIsPlayInEditorViewport = 0x6C
[2026-05-09 02:03:48.1346571] UEngine::bDisableWorldRendering = 0x6C
[2026-05-09 02:03:48.1347986] UEngine::bTearOff = 0x59
[2026-05-09 02:03:48.1349423] UEngine::CurrentLumenVisualizationMode = 0x150
[2026-05-09 02:03:48.1351224] UEngine::bSuppressTransitionMessage = 0x88
[2026-05-09 02:03:48.1353800] UEngine::bReplicateMovement = 0x58
[2026-05-09 02:03:48.1355722] UEngine::ViewModeIndex = 0xB0
[2026-05-09 02:03:48.1357987] UEngine::bNetUseOwnerRelevancy = 0x59
[2026-05-09 02:03:48.1360521] UEngine::AutoReceiveInput = 0x16B
[2026-05-09 02:03:48.1362449] UEngine::EngineShowFlags = 0xB8
[2026-05-09 02:03:48.1364157] UEngine::Viewport = 0xF8
[2026-05-09 02:03:48.1365679] UEngine::MouseLockMode = 0x3BC
[2026-05-09 02:03:48.1381922] UEngine::ViewportFrame = 0x100
[2026-05-09 02:03:48.1612098] UEngine::AudioDeviceHandle = 0x108
[2026-05-09 02:03:48.1617148] UEngine::CurrentGroomVisualizationMode = 0x160
[2026-05-09 02:03:48.1619481] UEngine::GameLayerManagerPtr = 0x130
[2026-05-09 02:03:48.1620899] UEngine::CurrentNaniteVisualizationMode = 0x148
[2026-05-09 02:03:48.1622248] UEngine::CurrentSubstrateVisualizationMode = 0x158
[2026-05-09 02:03:48.1623501] UEngine::CurrentVirtualShadowMapVisualizationMode = 0x168
[2026-05-09 02:03:48.1624988] UEngine::HighResScreenshotDialog = 0x170
[2026-05-09 02:03:48.1626437] UEngine::HardwareCursors = 0x1D0
[2026-05-09 02:03:48.1627616] UEngine::CursorWidgets = 0x220
[2026-05-09 02:03:48.1628788] UEngine::StatUnitData = 0x3A8
[2026-05-09 02:03:48.1630384] UEngine::OnBeginCursorOver = 0x1F5
[2026-05-09 02:03:48.1632742] UEngine::StatHitchesData = 0x3B0
[2026-05-09 02:03:48.1635971] UEngine::bIgnoreInput = 0x3B9
[2026-05-09 02:03:48.1637735] UEngine::MouseCaptureMode = 0x3BA
[2026-05-09 02:03:48.1639357] UEngine::bHideCursorDuringCapture = 0x3BB
[2026-05-09 02:03:48.1640843] UEngine::bActorEnableCollision = 0x5D
[2026-05-09 02:03:48.1656666] UEngine::bIsMouseOverClient = 0x3BD
[2026-05-09 02:03:48.1660109] UEngine::PrimaryActorTick = 0x28
[2026-05-09 02:03:48.1662099] UEngine::ActorHasBegunPlay = 0x5D
[2026-05-09 02:03:48.1663392] UEngine::bNetTemporary = 0x58
[2026-05-09 02:03:48.1664475] UEngine::bActorIsBeingConstructed = 0x5D
[2026-05-09 02:03:48.1665836] UEngine::bNetStartup = 0x58
[2026-05-09 02:03:48.1668316] UEngine::bOnlyRelevantToOwner = 0x58
[2026-05-09 02:03:48.1699444] UEngine::bCallPreReplication = 0x58
[2026-05-09 02:03:48.1858392] UEngine::bCallPreReplicationForReplay = 0x58
[2026-05-09 02:03:48.1873495] UEngine::bExchangedRoles = 0x59
[2026-05-09 02:03:48.1879585] UEngine::bRelevantForNetworkReplays = 0x59
[2026-05-09 02:03:48.1882064] UEngine::bRelevantForLevelBounds = 0x59
[2026-05-09 02:03:48.1883987] UEngine::bAutoDestroyWhenFinished = 0x5A
[2026-05-09 02:03:48.1885360] UEngine::bCanBeDamaged = 0x5A
[2026-05-09 02:03:48.1887011] UEngine::bBlockInput = 0x5A
[2026-05-09 02:03:48.1888280] UEngine::bCollideWhenPlacing = 0x5A
[2026-05-09 02:03:48.1889638] UEngine::bFindCameraComponentWhenViewTarget = 0x5A
[2026-05-09 02:03:48.1891155] UEngine::bGenerateOverlapEventsDuringLevelStreaming = 0x5A
[2026-05-09 02:03:48.1893344] UEngine::bIgnoresOriginShifting = 0x5A
[2026-05-09 02:03:48.1894910] UEngine::bHasRegisteredAllComponents = 0x5C
[2026-05-09 02:03:48.1896587] UEngine::bEnableAutoLODGeneration = 0x5B
[2026-05-09 02:03:48.1899150] UEngine::bIsEditorOnlyActor = 0x5B
[2026-05-09 02:03:48.1901830] UEngine::bActorSeamlessTraveled = 0x5B
[2026-05-09 02:03:48.1903901] UEngine::bReplicates = 0x5B
[2026-05-09 02:03:48.1905922] UEngine::bCanBeInCluster = 0x5B
[2026-05-09 02:03:48.1908422] UEngine::bAllowReceiveTickEventOnDedicatedServer = 0x5B
[2026-05-09 02:03:48.1910984] UEngine::bNetCheckedInitialPhysicsState = 0x5B
[2026-05-09 02:03:48.1913919] UEngine::bReplicateUsingRegisteredSubObjectList = 0x5B
[2026-05-09 02:03:48.1921072] UEngine::bHasFinishedSpawning = 0x5C
[2026-05-09 02:03:48.1923382] UEngine::bActorInitialized = 0x5C
[2026-05-09 02:03:48.1925219] UEngine::bActorBeginningPlayFromLevelStreaming = 0x5C
[2026-05-09 02:03:48.1927125] UEngine::bTickFunctionsRegistered = 0x5C
[2026-05-09 02:03:48.1930283] UEngine::AttachmentReplication = 0x70
[2026-05-09 02:03:48.1932906] UEngine::bHasDeferredComponentRegistration = 0x5C
[2026-05-09 02:03:48.1934599] UEngine::bRunningUserConstructionScript = 0x5C
[2026-05-09 02:03:48.1936105] UEngine::bHasPreRegisteredAllComponents = 0x5C
[2026-05-09 02:03:48.1938117] UEngine::bActorIsBeingDestroyed = 0x5D
[2026-05-09 02:03:48.1940262] UEngine::bActorWantsDestroyDuringBeginPlay = 0x5D
[2026-05-09 02:03:48.1962959] UEngine::bAsyncPhysicsTickEnabled = 0x5D
[2026-05-09 02:03:48.1965949] UEngine::UpdateOverlapsMethodDuringLevelStreaming = 0x5E
[2026-05-09 02:03:48.1967874] UEngine::DefaultUpdateOverlapsMethodDuringLevelStreaming = 0x5F
[2026-05-09 02:03:48.1969390] UEngine::RemoteRole = 0x60
[2026-05-09 02:03:48.1970772] UEngine::ActorCategory = 0x61
[2026-05-09 02:03:48.1972301] UEngine::InitialLifeSpan = 0x64
[2026-05-09 02:03:48.1974281] UEngine::CustomTimeDilation = 0x68
[2026-05-09 02:03:48.1976256] UEngine::RayTracingGroupId = 0x6C
[2026-05-09 02:03:48.1977648] UEngine::ReplicatedMovement = 0xD0
[2026-05-09 02:03:48.1979012] UEngine::Owner = 0x158
[2026-05-09 02:03:48.1980174] UEngine::NetDormancy = 0x169
[2026-05-09 02:03:48.1981313] UEngine::NetDriverName = 0x160
[2026-05-09 02:03:48.1982566] UEngine::Role = 0x168
[2026-05-09 02:03:48.1983561] UEngine::SpawnCollisionHandlingMethod = 0x16A
[2026-05-09 02:03:48.1984579] UEngine::CreationTime = 0x170
[2026-05-09 02:03:48.1985598] UEngine::InputComponent = 0x178
[2026-05-09 02:03:48.1986585] UEngine::NetTag = 0x180
[2026-05-09 02:03:48.1988352] UEngine::NetCullDistanceSquared = 0x184
[2026-05-09 02:03:48.1989758] UEngine::NetUpdateFrequency = 0x188
[2026-05-09 02:03:48.1991063] UEngine::MinNetUpdateFrequency = 0x18C
[2026-05-09 02:03:48.1994509] UEngine::NetPriority = 0x190
[2026-05-09 02:03:48.2276566] UEngine::PhysicsReplicationMode = 0x194
[2026-05-09 02:03:48.2285704] UEngine::LastRenderTime = 0x198
[2026-05-09 02:03:48.2289408] UEngine::Children = 0x1A8
[2026-05-09 02:03:48.2291118] UEngine::RootComponent = 0x1B8
[2026-05-09 02:03:48.2292487] UEngine::TimerHandle_LifeSpanExpired = 0x1C0
[2026-05-09 02:03:48.2293773] UEngine::Layers = 0x1C8
[2026-05-09 02:03:48.2295591] UEngine::ParentComponent = 0x1D8
[2026-05-09 02:03:48.2297203] UEngine::Tags = 0x1E0
[2026-05-09 02:03:48.2299502] UEngine::OnTakeAnyDamage = 0x1F0
[2026-05-09 02:03:48.2300655] UEngine::OnTakePointDamage = 0x1F1
[2026-05-09 02:03:48.2301771] UEngine::OnTakeRadialDamage = 0x1F2
[2026-05-09 02:03:48.2302974] UEngine::OnActorBeginOverlap = 0x1F3
[2026-05-09 02:03:48.2304758] UEngine::OnActorEndOverlap = 0x1F4
[2026-05-09 02:03:48.2306130] UEngine::OnEndCursorOver = 0x1F6
[2026-05-09 02:03:48.2307474] UEngine::OnClicked = 0x1F7
[2026-05-09 02:03:48.2316421] UEngine::OnReleased = 0x1F8
[2026-05-09 02:03:48.2319991] UEngine::OnInputTouchBegin = 0x1F9
[2026-05-09 02:03:48.2321592] UEngine::OnInputTouchEnd = 0x1FA
[2026-05-09 02:03:48.2323297] UEngine::OnInputTouchEnter = 0x1FB
[2026-05-09 02:03:48.2324784] UEngine::OnInputTouchLeave = 0x1FC
[2026-05-09 02:03:48.2326279] UEngine::OnActorHit = 0x1FD
[2026-05-09 02:03:48.2327602] UEngine::OnDestroyed = 0x1FE
[2026-05-09 02:03:48.2328638] UEngine::ReplicatedSubObjects = 0x200
[2026-05-09 02:03:48.2329771] UEngine::ReplicatedComponentsInfo = 0x210
[2026-05-09 02:03:48.2332196] UEngine::DetachFence = 0x2A0
[2026-05-09 02:03:48.2333693] UGameViewportClient::NamePrivate = 0x18
[2026-05-09 02:03:48.2334948] UGameViewportClient::ObjectFlags = 0x8
[2026-05-09 02:03:48.2336911] UGameViewportClient::World = 0x78
[2026-05-09 02:03:48.2338234] UGameViewportClient::ActiveSplitscreenType = 0x70
[2026-05-09 02:03:48.2340360] UGameViewportClient::ViewportConsole = 0x40
[2026-05-09 02:03:48.2341643] UGameViewportClient::bUseSoftwareCursorWidgets = 0x270
[2026-05-09 02:03:48.2342798] UGameViewportClient::ClassPrivate = 0x10
[2026-05-09 02:03:48.2343869] UGameViewportClient::bNetLoadOnClient = 0x59
[2026-05-09 02:03:48.2346321] UGameViewportClient::InternalIndex_Private = 0xC
[2026-05-09 02:03:48.2348262] UGameViewportClient::bAllowTickBeforeBeginPlay = 0x5A
[2026-05-09 02:03:48.2350748] UGameViewportClient::InputPriority = 0x16C
[2026-05-09 02:03:48.2352040] UGameViewportClient::bForceNetAddressable = 0x59
[2026-05-09 02:03:48.2353141] UGameViewportClient::bDisableSplitScreenOverride = 0x3B8
[2026-05-09 02:03:48.2354289] UGameViewportClient::Window = 0x110
[2026-05-09 02:03:48.2355373] UGameViewportClient::OuterPrivate = 0x20
[2026-05-09 02:03:48.2357356] UGameViewportClient::bAlwaysRelevant = 0x58
[2026-05-09 02:03:48.2358709] UGameViewportClient::HardwareCursorCache = 0x180
[2026-05-09 02:03:48.2360235] UGameViewportClient::DebugProperties = 0x48
[2026-05-09 02:03:48.2361816] UGameViewportClient::bReplayRewindable = 0x59
[2026-05-09 02:03:48.2363399] UGameViewportClient::bHidden = 0x58
[2026-05-09 02:03:48.2364617] UGameViewportClient::CurrentBufferVisualizationMode = 0x140
[2026-05-09 02:03:48.2382229] UGameViewportClient::UEP_TotalSize = 0x28
[2026-05-09 02:03:48.2388613] UGameViewportClient::SplitscreenInfo = 0x58
[2026-05-09 02:03:48.2396744] UGameViewportClient::ViewportOverlayWidget = 0x120
[2026-05-09 02:03:48.2399069] UGameViewportClient::OnEndPlay = 0x1FF
[2026-05-09 02:03:48.2401092] UGameViewportClient::bHasAudioFocus = 0x10C
[2026-05-09 02:03:48.2402820] UGameViewportClient::MaxSplitscreenPlayers = 0x68
[2026-05-09 02:03:48.2404201] UGameViewportClient::bIsPlayInEditorViewport = 0x6C
[2026-05-09 02:03:48.2405496] UGameViewportClient::bDisableWorldRendering = 0x6C
[2026-05-09 02:03:48.2406514] UGameViewportClient::bTearOff = 0x59
[2026-05-09 02:03:48.2407538] UGameViewportClient::CurrentLumenVisualizationMode = 0x150
[2026-05-09 02:03:48.2409033] UGameViewportClient::bSuppressTransitionMessage = 0x88
[2026-05-09 02:03:48.2410413] UGameViewportClient::bReplicateMovement = 0x58
[2026-05-09 02:03:48.2412102] UGameViewportClient::ViewModeIndex = 0xB0
[2026-05-09 02:03:48.2413472] UGameViewportClient::bNetUseOwnerRelevancy = 0x59
[2026-05-09 02:03:48.2415009] UGameViewportClient::AutoReceiveInput = 0x16B
[2026-05-09 02:03:48.2416945] UGameViewportClient::EngineShowFlags = 0xB8
[2026-05-09 02:03:48.2419969] UGameViewportClient::Viewport = 0xF8
[2026-05-09 02:03:48.2421519] UGameViewportClient::MouseLockMode = 0x3BC
[2026-05-09 02:03:48.2422845] UGameViewportClient::ViewportFrame = 0x100
[2026-05-09 02:03:48.2441722] UGameViewportClient::AudioDeviceHandle = 0x108
[2026-05-09 02:03:48.2447429] UGameViewportClient::CurrentGroomVisualizationMode = 0x160
[2026-05-09 02:03:48.2449206] UGameViewportClient::GameLayerManagerPtr = 0x130
[2026-05-09 02:03:48.2450745] UGameViewportClient::CurrentNaniteVisualizationMode = 0x148
[2026-05-09 02:03:48.2451943] UGameViewportClient::CurrentSubstrateVisualizationMode = 0x158
[2026-05-09 02:03:48.2453069] UGameViewportClient::CurrentVirtualShadowMapVisualizationMode = 0x168
[2026-05-09 02:03:48.2454221] UGameViewportClient::HighResScreenshotDialog = 0x170
[2026-05-09 02:03:48.2455892] UGameViewportClient::HardwareCursors = 0x1D0
[2026-05-09 02:03:48.2457718] UGameViewportClient::CursorWidgets = 0x220
[2026-05-09 02:03:48.2459121] UGameViewportClient::StatUnitData = 0x3A8
[2026-05-09 02:03:48.2460458] UGameViewportClient::OnBeginCursorOver = 0x1F5
[2026-05-09 02:03:48.2463106] UGameViewportClient::StatHitchesData = 0x3B0
[2026-05-09 02:03:48.2464978] UGameViewportClient::bIgnoreInput = 0x3B9
[2026-05-09 02:03:48.2771989] UGameViewportClient::MouseCaptureMode = 0x3BA
[2026-05-09 02:03:48.2780135] UGameViewportClient::bHideCursorDuringCapture = 0x3BB
[2026-05-09 02:03:48.2791070] UGameViewportClient::bActorEnableCollision = 0x5D
[2026-05-09 02:03:48.2793449] UGameViewportClient::bIsMouseOverClient = 0x3BD
[2026-05-09 02:03:48.2795077] UGameViewportClient::PrimaryActorTick = 0x28
[2026-05-09 02:03:48.2797196] UGameViewportClient::ActorHasBegunPlay = 0x5D
[2026-05-09 02:03:48.2798965] UGameViewportClient::bNetTemporary = 0x58
[2026-05-09 02:03:48.2801141] UGameViewportClient::bActorIsBeingConstructed = 0x5D
[2026-05-09 02:03:48.2802557] UGameViewportClient::bNetStartup = 0x58
[2026-05-09 02:03:48.2803826] UGameViewportClient::bOnlyRelevantToOwner = 0x58
[2026-05-09 02:03:48.2805465] UGameViewportClient::bCallPreReplication = 0x58
[2026-05-09 02:03:48.2807725] UGameViewportClient::bCallPreReplicationForReplay = 0x58
[2026-05-09 02:03:48.2809777] UGameViewportClient::bExchangedRoles = 0x59
[2026-05-09 02:03:48.2811171] UGameViewportClient::bRelevantForNetworkReplays = 0x59
[2026-05-09 02:03:48.2812504] UGameViewportClient::bRelevantForLevelBounds = 0x59
[2026-05-09 02:03:48.2814893] UGameViewportClient::bAutoDestroyWhenFinished = 0x5A
[2026-05-09 02:03:48.2816809] UGameViewportClient::bCanBeDamaged = 0x5A
[2026-05-09 02:03:48.2818163] UGameViewportClient::bBlockInput = 0x5A
[2026-05-09 02:03:48.2819332] UGameViewportClient::bCollideWhenPlacing = 0x5A
[2026-05-09 02:03:48.2820890] UGameViewportClient::bFindCameraComponentWhenViewTarget = 0x5A
[2026-05-09 02:03:48.2822751] UGameViewportClient::bGenerateOverlapEventsDuringLevelStreaming = 0x5A
[2026-05-09 02:03:48.2824247] UGameViewportClient::bIgnoresOriginShifting = 0x5A
[2026-05-09 02:03:48.2825525] UGameViewportClient::bHasRegisteredAllComponents = 0x5C
[2026-05-09 02:03:48.2827126] UGameViewportClient::bEnableAutoLODGeneration = 0x5B
[2026-05-09 02:03:48.2828576] UGameViewportClient::bIsEditorOnlyActor = 0x5B
[2026-05-09 02:03:48.2829942] UGameViewportClient::bActorSeamlessTraveled = 0x5B
[2026-05-09 02:03:48.2831232] UGameViewportClient::bReplicates = 0x5B
[2026-05-09 02:03:48.2833050] UGameViewportClient::bCanBeInCluster = 0x5B
[2026-05-09 02:03:48.2834403] UGameViewportClient::bAllowReceiveTickEventOnDedicatedServer = 0x5B
[2026-05-09 02:03:48.2835755] UGameViewportClient::bNetCheckedInitialPhysicsState = 0x5B
[2026-05-09 02:03:48.2837827] UGameViewportClient::bReplicateUsingRegisteredSubObjectList = 0x5B
[2026-05-09 02:03:48.2839249] UGameViewportClient::bHasFinishedSpawning = 0x5C
[2026-05-09 02:03:48.2840563] UGameViewportClient::bActorInitialized = 0x5C
[2026-05-09 02:03:48.2842303] UGameViewportClient::bActorBeginningPlayFromLevelStreaming = 0x5C
[2026-05-09 02:03:48.2843881] UGameViewportClient::bTickFunctionsRegistered = 0x5C
[2026-05-09 02:03:48.2845161] UGameViewportClient::AttachmentReplication = 0x70
[2026-05-09 02:03:48.2847667] UGameViewportClient::bHasDeferredComponentRegistration = 0x5C
[2026-05-09 02:03:48.2849051] UGameViewportClient::bRunningUserConstructionScript = 0x5C
[2026-05-09 02:03:48.2850629] UGameViewportClient::bHasPreRegisteredAllComponents = 0x5C
[2026-05-09 02:03:48.2866526] UGameViewportClient::bActorIsBeingDestroyed = 0x5D
[2026-05-09 02:03:48.2871380] UGameViewportClient::bActorWantsDestroyDuringBeginPlay = 0x5D
[2026-05-09 02:03:48.2873652] UGameViewportClient::bAsyncPhysicsTickEnabled = 0x5D
[2026-05-09 02:03:48.2875151] UGameViewportClient::UpdateOverlapsMethodDuringLevelStreaming = 0x5E
[2026-05-09 02:03:48.2876386] UGameViewportClient::DefaultUpdateOverlapsMethodDuringLevelStreaming = 0x5F
[2026-05-09 02:03:48.2877536] UGameViewportClient::RemoteRole = 0x60
[2026-05-09 02:03:48.2879351] UGameViewportClient::ActorCategory = 0x61
[2026-05-09 02:03:48.2880696] UGameViewportClient::InitialLifeSpan = 0x64
[2026-05-09 02:03:48.2882050] UGameViewportClient::CustomTimeDilation = 0x68
[2026-05-09 02:03:48.2883454] UGameViewportClient::RayTracingGroupId = 0x6C
[2026-05-09 02:03:48.2884731] UGameViewportClient::ReplicatedMovement = 0xD0
[2026-05-09 02:03:48.2885805] UGameViewportClient::Owner = 0x158
[2026-05-09 02:03:48.2886891] UGameViewportClient::NetDormancy = 0x169
[2026-05-09 02:03:48.2887933] UGameViewportClient::NetDriverName = 0x160
[2026-05-09 02:03:48.2889639] UGameViewportClient::Role = 0x168
[2026-05-09 02:03:48.2892329] UGameViewportClient::SpawnCollisionHandlingMethod = 0x16A
[2026-05-09 02:03:48.2894289] UGameViewportClient::CreationTime = 0x170
[2026-05-09 02:03:48.2899851] UGameViewportClient::InputComponent = 0x178
[2026-05-09 02:03:48.2902010] UGameViewportClient::NetTag = 0x180
[2026-05-09 02:03:48.2903671] UGameViewportClient::NetCullDistanceSquared = 0x184
[2026-05-09 02:03:48.2905467] UGameViewportClient::NetUpdateFrequency = 0x188
[2026-05-09 02:03:48.2907131] UGameViewportClient::MinNetUpdateFrequency = 0x18C
[2026-05-09 02:03:48.2910944] UGameViewportClient::NetPriority = 0x190
[2026-05-09 02:03:48.2912939] UGameViewportClient::PhysicsReplicationMode = 0x194
[2026-05-09 02:03:48.2914996] UGameViewportClient::LastRenderTime = 0x198
[2026-05-09 02:03:48.2937397] UGameViewportClient::Children = 0x1A8
[2026-05-09 02:03:48.3337933] UGameViewportClient::RootComponent = 0x1B8
[2026-05-09 02:03:48.3387201] UGameViewportClient::TimerHandle_LifeSpanExpired = 0x1C0
[2026-05-09 02:03:48.3396176] UGameViewportClient::Layers = 0x1C8
[2026-05-09 02:03:48.3402080] UGameViewportClient::ParentComponent = 0x1D8
[2026-05-09 02:03:48.3489454] UGameViewportClient::Tags = 0x1E0
[2026-05-09 02:03:48.3492987] UGameViewportClient::OnTakeAnyDamage = 0x1F0
[2026-05-09 02:03:48.3494830] UGameViewportClient::OnTakePointDamage = 0x1F1
[2026-05-09 02:03:48.3496167] UGameViewportClient::OnTakeRadialDamage = 0x1F2
[2026-05-09 02:03:48.3497440] UGameViewportClient::OnActorBeginOverlap = 0x1F3
[2026-05-09 02:03:48.3499059] UGameViewportClient::OnActorEndOverlap = 0x1F4
[2026-05-09 02:03:48.3502989] UGameViewportClient::OnEndCursorOver = 0x1F6
[2026-05-09 02:03:48.3505446] UGameViewportClient::OnClicked = 0x1F7
[2026-05-09 02:03:48.3507830] UGameViewportClient::OnReleased = 0x1F8
[2026-05-09 02:03:48.3511710] UGameViewportClient::OnInputTouchBegin = 0x1F9
[2026-05-09 02:03:48.3513065] UGameViewportClient::OnInputTouchEnd = 0x1FA
[2026-05-09 02:03:48.3514431] UGameViewportClient::OnInputTouchEnter = 0x1FB
[2026-05-09 02:03:48.3519778] UGameViewportClient::OnInputTouchLeave = 0x1FC
[2026-05-09 02:03:48.3540288] UGameViewportClient::OnActorHit = 0x1FD
[2026-05-09 02:03:48.3547851] UGameViewportClient::OnDestroyed = 0x1FE
[2026-05-09 02:03:48.3550680] UGameViewportClient::ReplicatedSubObjects = 0x200
[2026-05-09 02:03:48.3552300] UGameViewportClient::ReplicatedComponentsInfo = 0x210
[2026-05-09 02:03:48.3554351] UGameViewportClient::DetachFence = 0x2A0
[2026-05-09 02:03:48.3556907] UPlayer::CurrentNetSpeed = 0x38
[2026-05-09 02:03:48.3558712] UPlayer::UEP_TotalSize = 0x48
[2026-05-09 02:03:48.3561142] UPlayer::ConfiguredLanSpeed = 0x40
[2026-05-09 02:03:48.3562447] UPlayer::ConfiguredInternetSpeed = 0x3C
[2026-05-09 02:03:48.3564604] ULocalPlayer::SlateOperations = 0x1F8
[2026-05-09 02:03:48.3566086] ULocalPlayer::ControllerId = 0xE0
[2026-05-09 02:03:48.3567336] ULocalPlayer::CachedUniqueNetId = 0x48
[2026-05-09 02:03:48.3568373] ULocalPlayer::ViewportClient = 0x78
[2026-05-09 02:03:48.3570009] ULocalPlayer::AspectRatioAxisConstraint = 0xB8
[2026-05-09 02:03:48.3571226] ULocalPlayer::bSentSplitJoin = 0xC8
[2026-05-09 02:03:48.3572533] ULocalPlayer::PlatformUserId = 0x100
[2026-05-09 02:03:48.3573951] ULocalPlayer::UEP_TotalSize = 0x2B0
[2026-05-09 02:03:48.3575507] UWorld::PerModuleDataObjects = 0x80
[2026-05-09 02:03:48.3577018] UWorld::ExtraReferencedObjects = 0x70
[2026-05-09 02:03:48.3578219] UWorld::bShouldForceVisibleStreamingLevels = 0x18E
[2026-05-09 02:03:48.3579791] UWorld::bSupportsMakingVisibleTransactionRequests = 0x110
[2026-05-09 02:03:48.3601689] UWorld::bAggressiveLOD = 0x18C
[2026-05-09 02:03:48.3622953] UWorld::StreamingLevelsPrefix = 0xD0
[2026-05-09 02:03:48.3628294] UWorld::bSupportsMakingInvisibleTransactionRequests = 0x112
[2026-05-09 02:03:48.3630687] UWorld::bPlayersOnly = 0x18D
[2026-05-09 02:03:48.3634243] UWorld::DeltaTimeSeconds = 0x7BC
[2026-05-09 02:03:48.3635647] UWorld::bDoDelayedUpdateCullDistanceVolumes = 0x18C
[2026-05-09 02:03:48.3636930] UWorld::PendingVisibilityLock = 0x118
[2026-05-09 02:03:48.3638689] UWorld::bIsRunningConstructionScript = 0x18C
[2026-05-09 02:03:48.3640399] UWorld::bAllowDeferredPhysicsStateCreation = 0x158
[2026-05-09 02:03:48.3641984] UWorld::LastRenderTime = 0x180
[2026-05-09 02:03:48.3645108] UWorld::bPlayersOnlyPending = 0x18D
[2026-05-09 02:03:48.3648449] UWorld::bWorldWasLoadedThisTick = 0x18B
[2026-05-09 02:03:48.3651643] UWorld::StreamingVolumeUpdateDelay = 0x754
[2026-05-09 02:03:48.3653310] UWorld::bIsLevelStreamingFrozen = 0x18B
[2026-05-09 02:03:48.3654763] UWorld::bTriggerPostLoadMap = 0x18B
[2026-05-09 02:03:48.3656387] UWorld::bInTick = 0x18B
[2026-05-09 02:03:48.3657861] UWorld::TimeSeconds = 0x798
[2026-05-09 02:03:48.3659353] UWorld::bIsBuilt = 0x18B
[2026-05-09 02:03:48.3660565] UWorld::DeltaRealTimeSeconds = 0x7B8
[2026-05-09 02:03:48.3661967] UWorld::bTickNewlySpawned = 0x18B
[2026-05-09 02:03:48.3663571] UWorld::AuthorityGameMode = 0x1A8
[2026-05-09 02:03:48.3664993] UWorld::bPostTickComponentUpdate = 0x18B
[2026-05-09 02:03:48.3666507] UWorld::bShouldSimulatePhysics = 0x18C
[2026-05-09 02:03:48.3667668] UWorld::bIsWorldInitialized = 0x18B
[2026-05-09 02:03:48.3669391] UWorld::bRequestedBlockOnAsyncLoading = 0x18C
[2026-05-09 02:03:48.3671694] UWorld::bDropDetail = 0x18C
[2026-05-09 02:03:48.3673069] UWorld::PlayerNum = 0x750
[2026-05-09 02:03:48.3674187] UWorld::bIsDefaultLevel = 0x18C
[2026-05-09 02:03:48.3675805] UWorld::bIsBeingCleanedUp = 0x190
[2026-05-09 02:03:48.3677261] UWorld::bActorsInitialized = 0x18C
[2026-05-09 02:03:48.3678383] UWorld::bBegunPlay = 0x18D
[2026-05-09 02:03:48.3679433] UWorld::bIsCameraMoveableWhenPaused = 0x18E
[2026-05-09 02:03:48.3680626] UWorld::bMatchStarted = 0x18D
[2026-05-09 02:03:48.3682374] UWorld::bStartup = 0x18D
[2026-05-09 02:03:48.3684598] UWorld::bAreConstraintsDirty = 0x18E
[2026-05-09 02:03:48.3701969] UWorld::bIsTearingDown = 0x18D
[2026-05-09 02:03:48.3713702] UWorld::bKismetScriptError = 0x18D
[2026-05-09 02:03:48.3995960] UWorld::bDebugPauseExecution = 0x18D
[2026-05-09 02:03:48.4000629] UWorld::ActiveLevelCollectionIndex = 0x1E8
[2026-05-09 02:03:48.4004565] UWorld::bAllowAudioPlayback = 0x18E
[2026-05-09 02:03:48.4007299] UWorld::bRequiresHitProxies = 0x18E
[2026-05-09 02:03:48.4008848] UWorld::bShouldTick = 0x18E
[2026-05-09 02:03:48.4011199] UWorld::bStreamingDataDirty = 0x18E
[2026-05-09 02:03:48.4013191] UWorld::bShouldForceUnloadStreamingLevels = 0x18E
[2026-05-09 02:03:48.4016812] UWorld::NextURL = 0x818
[2026-05-09 02:03:48.4020561] UWorld::RealTimeSeconds = 0x7A8
[2026-05-09 02:03:48.4023802] UWorld::bMaterialParameterCollectionInstanceNeedsDeferredUpdate = 0x18F
[2026-05-09 02:03:48.4025473] UWorld::NextSwitchCountdown = 0x7F8
[2026-05-09 02:03:48.4026616] UWorld::bHasEverBeenInitialized = 0x18F
[2026-05-09 02:03:48.4027700] UWorld::PreparingLevelNames = 0x828
[2026-05-09 02:03:48.4028725] UWorld::IsInBlockTillLevelStreamingCompleted = 0x194
[2026-05-09 02:03:48.4033598] UWorld::BlockTillLevelStreamingCompletedEpoch = 0x198
[2026-05-09 02:03:48.4035204] UWorld::BuildStreamingDataTimer = 0x558
[2026-05-09 02:03:48.4052549] UWorld::URL = 0x680
[2026-05-09 02:03:48.4057832] UWorld::LastTimeUnbuiltLightingWasEncountered = 0x790
[2026-05-09 02:03:48.4059659] UWorld::UnpausedTimeSeconds = 0x7A0
[2026-05-09 02:03:48.4061359] UWorld::CommittedPersistentLevelName = 0x838
[2026-05-09 02:03:48.4063123] UWorld::AudioTimeSeconds = 0x7B0
[2026-05-09 02:03:48.4064804] UWorld::PauseDelay = 0x7C0
[2026-05-09 02:03:48.4066501] UWorld::NumStreamingLevelsBeingLoaded = 0x812
[2026-05-09 02:03:48.4067874] UWorld::bMarkedObjectsPendingKill = 0x840
[2026-05-09 02:03:48.4069233] UWorld::CleanupWorldTag = 0x844
[2026-05-09 02:03:48.4070382] UWorld::UEP_TotalSize = 0x9E8
[2026-05-09 02:03:48.4071446] UDataTable::RowStruct = 0x28
[2026-05-09 02:03:48.4072951] UDataTable::RowMap = 0x30
[2026-05-09 02:03:48.4074106] UDataTable::bStripFromClientBuilds = 0x80
[2026-05-09 02:03:48.4075241] UDataTable::bPreserveExistingValues = 0x80
[2026-05-09 02:03:48.4076575] UDataTable::bIgnoreExtraFields = 0x80
[2026-05-09 02:03:48.4078112] UDataTable::bIgnoreMissingFields = 0x80
[2026-05-09 02:03:48.4079694] UDataTable::UEP_TotalSize = 0xB0
[2026-05-09 02:03:48.4080866] UDataTable::ImportKeyField = 0x88
[2026-05-09 02:03:48.4081879] 
##### MEMBER OFFSETS END #####

[2026-05-09 02:03:48.4083343] m_shared_functions: 0x136963f9f58
[2026-05-09 02:03:48.4120232] Input source set to: Win32Async
[2026-05-09 02:03:48.4184004] [UE4SS.LoadMap.LuaModImpl] Added prehook with Id '0X2040000000000001'!
[2026-05-09 02:03:48.4401414] [UE4SS.LoadMap.LuaModImpl] Added posthook with Id '0X40000000000002'!
[2026-05-09 02:03:48.4461984] [UE4SS.InitGameState.LuaModImpl] Added prehook with Id '0X2010000000000001'!
[2026-05-09 02:03:48.4487712] [UE4SS.InitGameState.LuaModImpl] Added posthook with Id '0X10000000000002'!
[2026-05-09 02:03:48.4603204] [UE4SS.BeginPlay.LuaModImpl] Added prehook with Id '0X2008000000000001'!
[2026-05-09 02:03:48.4613709] [UE4SS.BeginPlay.LuaModImpl] Added posthook with Id '0X8000000000002'!
[2026-05-09 02:03:48.4667695] [UE4SS.EndPlay.LuaModImpl] Added prehook with Id '0X2004000000000001'!
[2026-05-09 02:03:48.4704921] [UE4SS.EndPlay.LuaModImpl] Added posthook with Id '0X4000000000002'!
[2026-05-09 02:03:48.4707750] [UnknownMod.StaticConstructObject.PostHook] Added posthook with Id '0X1000000000000002'!
[2026-05-09 02:03:48.5632374] [UnknownMod.ULocalPlayerExec.PreHook] Added prehook with Id '0X2000400000000001'!
[2026-05-09 02:03:48.5646763] [UnknownMod.ULocalPlayerExec.PostHook] Added posthook with Id '0X400000000002'!
[2026-05-09 02:03:48.5693416] [UnknownMod.CallFunctionByNameWithArguments.PreHook] Added prehook with Id '0X2000800000000001'!
[2026-05-09 02:03:48.5701696] [UnknownMod.CallFunctionByNameWithArguments.PostHook] Added posthook with Id '0X800000000002'!
[2026-05-09 02:03:48.5764744] [UnknownMod.ProcessConsoleExec.PostHook] Added posthook with Id '0X400000000000001'!
[2026-05-09 02:03:48.5772241] [UnknownMod.ProcessConsoleExec.PreHook] Added prehook with Id '0X2400000000000002'!
[2026-05-09 02:03:48.5774370] [UnknownMod.ProcessConsoleExec.PostHook] Added posthook with Id '0X400000000000003'!
[2026-05-09 02:03:48.5775759] [UnknownMod.ProcessConsoleExec.PostHook] Added posthook with Id '0X400000000000004'!
[2026-05-09 02:03:48.5777579] [UnknownMod.ProcessConsoleExec.PostHook] Added posthook with Id '0X400000000000005'!
[2026-05-09 02:03:48.5779281] Enabling custom events
[2026-05-09 02:03:48.5828000] [UE4SS.ProcessLocalScriptFunction.LuaModImplScriptHook] Added posthook with Id '0X80000000000001'!
[2026-05-09 02:03:48.5832936] Starting mods (from mods.txt (G:\Steam\steamapps\common\Windrose\R5\Binaries\Win64\ue4ss\Mods\mods.txt) load order)...
[2026-05-09 02:03:48.5840724] Starting Lua mod 'ConsoleCommandsMod'
[2026-05-09 02:03:48.5889128] Starting Lua mod 'ConsoleEnablerMod'
[2026-05-09 02:03:48.5997727] [UE4SS.EngineTick.LuaModImpl] Added prehook with Id '0X2020000000000002'!
[2026-05-09 02:03:48.6016553] [RegisterHook] Registered native hook (1, 2) for Function /Script/Engine.PlayerController:ClientRestart
[2026-05-09 02:03:48.6022781] Mod 'SplitScreenMod' disabled in mods.txt.
[2026-05-09 02:03:48.6026736] Mod 'LineTraceMod' disabled in mods.txt.
[2026-05-09 02:03:48.6030214] Starting Lua mod 'BPML_GenericFunctions'
[2026-05-09 02:03:48.6044437] Starting Lua mod 'BPModLoaderMod'
[2026-05-09 02:03:48.6441757] [Lua] [BPModLoaderMod] Mods/BPModLoaderMod/load_order.txt not present or no matching mods, loading all BP mods in random order.
[2026-05-09 02:03:48.6455618] Starting Lua mod 'Keybinds'
[2026-05-09 02:03:48.6477704] Starting mods (from enabled.txt (G:\Steam\steamapps\common\Windrose\R5\Binaries\Win64\ue4ss\Mods), no defined load order)...
[2026-05-09 02:03:48.6562660] Event loop start
[2026-05-09 02:03:52.0620162] [WindroseSchema] [debug] Initializing Static Class Storage...
[2026-05-09 02:03:52.0623369] [WindroseSchema] [debug] Found Field::StaticClass
[2026-05-09 02:03:52.0671725] [WindroseSchema] [debug] Found Property::StaticClass
[2026-05-09 02:03:52.0688957] [WindroseSchema] [debug] Found NumericProperty::StaticClass
[2026-05-09 02:03:52.0692429] [WindroseSchema] [debug] Found IntProperty::StaticClass
[2026-05-09 02:03:52.0694794] [WindroseSchema] [debug] Found NameProperty::StaticClass
[2026-05-09 02:03:52.0696445] [WindroseSchema] [debug] Found ObjectPropertyBase::StaticClass
[2026-05-09 02:03:52.0697739] [WindroseSchema] [debug] Found ObjectProperty::StaticClass
[2026-05-09 02:03:52.0699183] [WindroseSchema] [debug] Found StructProperty::StaticClass
[2026-05-09 02:03:52.0700380] [WindroseSchema] [debug] Found BoolProperty::StaticClass
[2026-05-09 02:03:52.0701465] [WindroseSchema] [debug] Found SetProperty::StaticClass
[2026-05-09 02:03:52.0702318] [WindroseSchema] [debug] Found ArrayProperty::StaticClass
[2026-05-09 02:03:52.0703817] [WindroseSchema] [debug] Found Utf8StrProperty::StaticClass
[2026-05-09 02:03:52.0705048] [WindroseSchema] [debug] Found StrProperty::StaticClass
[2026-05-09 02:03:52.0706203] [WindroseSchema] [debug] Found EnumProperty::StaticClass
[2026-05-09 02:03:52.0709165] [WindroseSchema] [debug] Found ByteProperty::StaticClass
[2026-05-09 02:03:52.0710649] [WindroseSchema] [debug] Found Int64Property::StaticClass
[2026-05-09 02:03:52.0714005] [WindroseSchema] [debug] Found DoubleProperty::StaticClass
[2026-05-09 02:03:52.0716112] [WindroseSchema] [debug] Found FloatProperty::StaticClass
[2026-05-09 02:03:52.0718585] [WindroseSchema] [debug] Found UInt16Property::StaticClass
[2026-05-09 02:03:52.0720391] [WindroseSchema] [debug] Found TextProperty::StaticClass
[2026-05-09 02:03:52.0721842] [WindroseSchema] [debug] Found MapProperty::StaticClass
[2026-05-09 02:03:52.0723547] [WindroseSchema] [debug] Found UInt64Property::StaticClass
[2026-05-09 02:03:52.0725311] [WindroseSchema] [debug] Found UInt32Property::StaticClass
[2026-05-09 02:03:52.0727066] [WindroseSchema] [debug] Found WeakObjectProperty::StaticClass
[2026-05-09 02:03:52.0728977] [WindroseSchema] [debug] Found SoftObjectProperty::StaticClass
[2026-05-09 02:03:52.0730884] [WindroseSchema] [debug] Found InterfaceProperty::StaticClass
[2026-05-09 02:03:52.0733384] [WindroseSchema] [debug] Found ClassProperty::StaticClass
[2026-05-09 02:03:52.0735478] [WindroseSchema] [debug] Found MulticastDelegateProperty::StaticClass
[2026-05-09 02:03:52.0737635] [WindroseSchema] [debug] Found MulticastSparseDelegateProperty::StaticClass
[2026-05-09 02:03:52.0751730] [WindroseSchema] [debug] Found MulticastInlineDelegateProperty::StaticClass
[2026-05-09 02:03:52.0755611] [WindroseSchema] [debug] Found SoftClassProperty::StaticClass
[2026-05-09 02:03:52.0757857] [WindroseSchema] [debug] Found DelegateProperty::StaticClass
[2026-05-09 02:03:52.0759366] [WindroseSchema] [debug] Found FieldPathProperty::StaticClass
[2026-05-09 02:03:52.0760563] [WindroseSchema] [debug] Found Int8Property::StaticClass
[2026-05-09 02:03:52.0762934] [WindroseSchema] [debug] Found Int16Property::StaticClass
[2026-05-09 02:03:52.0884297] [WindroseSchema] [debug] Found OptionalProperty::StaticClass
[2026-05-09 02:03:52.0887068] [WindroseSchema] [debug] Found LazyObjectProperty::StaticClass
[2026-05-09 02:03:52.0888834] [WindroseSchema] [debug] Attempting to get UClass for UEnum...
[2026-05-09 02:03:52.0890531] [WindroseSchema] [debug] UClass for UEnum found, fetching UEnums...
[2026-05-09 02:03:52.0904305] [WindroseSchema] [debug] Finished mapping 2580 UEnums.
[2026-05-09 02:03:52.0908115] [WindroseSchema] Loader 'enums' initialized.
[2026-05-09 02:03:52.0912065] [WindroseSchema] Loader 'raw' initialized.
[2026-05-09 02:03:52.0919111] [WindroseSchema] [debug] Found UBlueprintGeneratedClass::PostLoad: 0x7ff7ed9c9210
[2026-05-09 02:03:52.0962955] [WindroseSchema] [debug] Found AActor::PostInitializeComponents: 0x7ff7ed82c870
[2026-05-09 02:03:52.1000488] [WindroseSchema] Loader 'blueprints' initialized.
[2026-05-09 02:03:52.1019525] [WindroseSchema] Loading mod: RenameStorageCrate
[2026-05-09 02:03:52.1028180] [WindroseSchema] [debug] Found UR5GameInstance::Init: 0x7ff7f37f04e0
[2026-05-09 02:03:52.1040803] [WindroseSchema] [debug] Initialized Core
[2026-05-09 02:04:04.3457157] [WindroseSchema] Loader 'resources' initialized.
[2026-05-09 02:04:04.3460650] [WindroseSchema] [RecipeModLoader] 2284 R5BLRecipeData objects in GObjects — collecting...
